Component: ARM Compiler 5.06 update 7 (build 960) Tool: armlink [4d3601]

==============================================================================

Section Cross References

    startup_stm32f103xe.o(STACK) refers (Special) to heapauxi.o(.text) for __use_two_region_memory
    startup_stm32f103xe.o(HEAP) refers (Special) to heapauxi.o(.text) for __use_two_region_memory
    startup_stm32f103xe.o(RESET) refers (Special) to heapauxi.o(.text) for __use_two_region_memory
    startup_stm32f103xe.o(RESET) refers to startup_stm32f103xe.o(STACK) for __initial_sp
    startup_stm32f103xe.o(RESET) refers to startup_stm32f103xe.o(.text) for Reset_Handler
    startup_stm32f103xe.o(RESET) refers to stm32f1xx_it.o(i.NMI_Handler) for NMI_Handler
    startup_stm32f103xe.o(RESET) refers to stm32f1xx_it.o(i.HardFault_Handler) for HardFault_Handler
    startup_stm32f103xe.o(RESET) refers to stm32f1xx_it.o(i.MemManage_Handler) for MemManage_Handler
    startup_stm32f103xe.o(RESET) refers to stm32f1xx_it.o(i.BusFault_Handler) for BusFault_Handler
    startup_stm32f103xe.o(RESET) refers to stm32f1xx_it.o(i.UsageFault_Handler) for UsageFault_Handler
    startup_stm32f103xe.o(RESET) refers to port.o(.emb_text) for SVC_Handler
    startup_stm32f103xe.o(RESET) refers to stm32f1xx_it.o(i.DebugMon_Handler) for DebugMon_Handler
    startup_stm32f103xe.o(RESET) refers to delay.o(i.SysTick_Handler) for SysTick_Handler
    startup_stm32f103xe.o(RESET) refers to usart.o(i.USART1_IRQHandler) for USART1_IRQHandler
    startup_stm32f103xe.o(RESET) refers to usart.o(i.USART3_IRQHandler) for USART3_IRQHandler
    startup_stm32f103xe.o(.text) refers (Special) to heapauxi.o(.text) for __use_two_region_memory
    startup_stm32f103xe.o(.text) refers to system_stm32f1xx.o(i.SystemInit) for SystemInit
    startup_stm32f103xe.o(.text) refers to __main.o(!!!main) for __main
    startup_stm32f103xe.o(.text) refers to startup_stm32f103xe.o(HEAP) for Heap_Mem
    startup_stm32f103xe.o(.text) refers to startup_stm32f103xe.o(STACK) for Stack_Mem
    main.o(i.CommunicationTask) refers to lora.o(i.LoraUnitTest) for LoraUnitTest
    main.o(i.CommunicationTask) refers to tasks.o(i.vTaskDelay) for vTaskDelay
    main.o(i.DataCollectTask) refers to _printf_percent.o(.ARM.Collect$$_printf_percent$$00000000) for _printf_percent
    main.o(i.DataCollectTask) refers to _printf_f.o(.ARM.Collect$$_printf_percent$$00000003) for _printf_f
    main.o(i.DataCollectTask) refers to printf1.o(x$fpl$printf1) for _printf_fp_dec
    main.o(i.DataCollectTask) refers to sht.o(i.GetTempHumidProcess) for GetTempHumidProcess
    main.o(i.DataCollectTask) refers to sht.o(i.CalculateTemperature) for CalculateTemperature
    main.o(i.DataCollectTask) refers to sht.o(i.CalculateHumidity) for CalculateHumidity
    main.o(i.DataCollectTask) refers to f2d.o(x$fpl$f2d) for __aeabi_f2d
    main.o(i.DataCollectTask) refers to noretval__2printf.o(.text) for __2printf
    main.o(i.DataCollectTask) refers to stm32f1xx_hal_gpio.o(i.HAL_GPIO_TogglePin) for HAL_GPIO_TogglePin
    main.o(i.DataCollectTask) refers to tasks.o(i.vTaskDelay) for vTaskDelay
    main.o(i.StartTask) refers to port.o(i.vPortEnterCritical) for vPortEnterCritical
    main.o(i.StartTask) refers to tasks.o(i.xTaskCreate) for xTaskCreate
    main.o(i.StartTask) refers to tasks.o(i.vTaskDelete) for vTaskDelete
    main.o(i.StartTask) refers to port.o(i.vPortExitCritical) for vPortExitCritical
    main.o(i.StartTask) refers to main.o(.data) for DataCollectTask_Handler
    main.o(i.StartTask) refers to main.o(i.DataCollectTask) for DataCollectTask
    main.o(i.StartTask) refers to main.o(i.CommunicationTask) for CommunicationTask
    main.o(i.freertos_entry) refers to tasks.o(i.xTaskCreate) for xTaskCreate
    main.o(i.freertos_entry) refers to tasks.o(i.vTaskStartScheduler) for vTaskStartScheduler
    main.o(i.freertos_entry) refers to main.o(.data) for StartTask_Handler
    main.o(i.freertos_entry) refers to main.o(i.StartTask) for StartTask
    main.o(i.main) refers to stm32f1xx_hal.o(i.HAL_Init) for HAL_Init
    main.o(i.main) refers to sys.o(i.sys_stm32_clock_init) for sys_stm32_clock_init
    main.o(i.main) refers to delay.o(i.delay_init) for delay_init
    main.o(i.main) refers to led.o(i.led_init) for led_init
    main.o(i.main) refers to usart.o(i.usart_init) for usart_init
    main.o(i.main) refers to sht.o(i.ShtInit) for ShtInit
    main.o(i.main) refers to lora.o(i.lora_init) for lora_init
    main.o(i.main) refers to main.o(i.freertos_entry) for freertos_entry
    system_stm32f1xx.o(i.SystemCoreClockUpdate) refers to system_stm32f1xx.o(.data) for SystemCoreClock
    system_stm32f1xx.o(i.SystemCoreClockUpdate) refers to system_stm32f1xx.o(.constdata) for AHBPrescTable
    delay.o(i.HAL_Delay) refers to delay.o(i.delay_ms) for delay_ms
    delay.o(i.SysTick_Handler) refers to stm32f1xx_hal.o(i.HAL_IncTick) for HAL_IncTick
[...]
    i.prvProcessTimerOrBlockTask             0x08004164   Section        0  timers.o(i.prvProcessTimerOrBlockTask)
    prvProcessTimerOrBlockTask               0x08004165   Thumb Code   102  timers.o(i.prvProcessTimerOrBlockTask)
    i.prvReloadTimer                         0x080041d8   Section        0  timers.o(i.prvReloadTimer)
    prvReloadTimer                           0x080041d9   Thumb Code    40  timers.o(i.prvReloadTimer)
    i.prvResetNextTaskUnblockTime            0x08004200   Section        0  tasks.o(i.prvResetNextTaskUnblockTime)
    prvResetNextTaskUnblockTime              0x08004201   Thumb Code    40  tasks.o(i.prvResetNextTaskUnblockTime)
    i.prvSampleTimeNow                       0x08004230   Section        0  timers.o(i.prvSampleTimeNow)
    prvSampleTimeNow                         0x08004231   Thumb Code    40  timers.o(i.prvSampleTimeNow)
    i.prvSwitchTimerLists                    0x0800425c   Section        0  timers.o(i.prvSwitchTimerLists)
    prvSwitchTimerLists                      0x0800425d   Thumb Code    58  timers.o(i.prvSwitchTimerLists)
    i.prvTaskExitError                       0x080042a0   Section        0  port.o(i.prvTaskExitError)
    prvTaskExitError                         0x080042a1   Thumb Code    48  port.o(i.prvTaskExitError)
    i.prvTimerTask                           0x08004324   Section        0  timers.o(i.prvTimerTask)
    prvTimerTask                             0x08004325   Thumb Code    26  timers.o(i.prvTimerTask)
    i.prvUnlockQueue                         0x0800433e   Section        0  queue.o(i.prvUnlockQueue)
    prvUnlockQueue                           0x0800433f   Thumb Code   144  queue.o(i.prvUnlockQueue)
    i.pvPortMalloc                           0x080043d0   Section        0  heap_4.o(i.pvPortMalloc)
    i.pxPortInitialiseStack                  0x08004568   Section        0  port.o(i.pxPortInitialiseStack)
    i.sys_stm32_clock_init                   0x0800458c   Section        0  sys.o(i.sys_stm32_clock_init)
    i.usart_init                             0x080045f4   Section        0  usart.o(i.usart_init)
    i.uxListRemove                           0x0800465c   Section        0  list.o(i.uxListRemove)
    i.vListInitialise                        0x08004684   Section        0  list.o(i.vListInitialise)
    i.vListInitialiseItem                    0x0800469e   Section        0  list.o(i.vListInitialiseItem)
    i.vListInsert                            0x080046a4   Section        0  list.o(i.vListInsert)
    i.vListInsertEnd                         0x080046d8   Section        0  list.o(i.vListInsertEnd)
    i.vPortEnterCritical                     0x080046f0   Section        0  port.o(i.vPortEnterCritical)
    i.vPortExitCritical                      0x0800478c   Section        0  port.o(i.vPortExitCritical)
    i.vPortFree                              0x08004810   Section        0  heap_4.o(i.vPortFree)
    i.vPortSetupTimerInterrupt               0x080048ec   Section        0  port.o(i.vPortSetupTimerInterrupt)
    i.vQueueAddToRegistry                    0x08004918   Section        0  queue.o(i.vQueueAddToRegistry)
    i.vQueueWaitForMessageRestricted         0x080049ac   Section        0  queue.o(i.vQueueWaitForMessageRestricted)
    i.vTaskDelay                             0x080049f8   Section        0  tasks.o(i.vTaskDelay)
    i.vTaskDelete                            0x08004a84   Section        0  tasks.o(i.vTaskDelete)
    i.vTaskInternalSetTimeOutState           0x08004bb0   Section        0  tasks.o(i.vTaskInternalSetTimeOutState)
    i.vTaskMissedYield                       0x08004bc8   Section        0  tasks.o(i.vTaskMissedYield)
    i.vTaskPlaceOnEventList                  0x08004bd4   Section        0  tasks.o(i.vTaskPlaceOnEventList)
    i.vTaskPlaceOnEventListRestricted        0x08004c40   Section        0  tasks.o(i.vTaskPlaceOnEventListRestricted)
    i.vTaskStartScheduler                    0x08004cd4   Section        0  tasks.o(i.vTaskStartScheduler)
    i.vTaskSuspendAll                        0x08004da0   Section        0  tasks.o(i.vTaskSuspendAll)
    i.vTaskSwitchContext                     0x08004db0   Section        0  tasks.o(i.vTaskSwitchContext)
    i.xPortStartScheduler                    0x08004e70   Section        0  port.o(i.xPortStartScheduler)
    i.xPortSysTickHandler                    0x08004fc4   Section        0  port.o(i.xPortSysTickHandler)
    i.xQueueGenericCreate                    0x08004ff8   Section        0  queue.o(i.xQueueGenericCreate)
    i.xQueueGenericReset                     0x08005090   Section        0  queue.o(i.xQueueGenericReset)
    i.xQueueReceive                          0x08005194   Section        0  queue.o(i.xQueueReceive)
    i.xTaskCheckForTimeOut                   0x0800531c   Section        0  tasks.o(i.xTaskCheckForTimeOut)
    i.xTaskCreate                            0x080053f0   Section        0  tasks.o(i.xTaskCreate)
    i.xTaskGetSchedulerState                 0x08005450   Section        0  tasks.o(i.xTaskGetSchedulerState)
    i.xTaskGetTickCount                      0x08005470   Section        0  tasks.o(i.xTaskGetTickCount)
    i.xTaskIncrementTick                     0x0800547c   Section        0  tasks.o(i.xTaskIncrementTick)
    i.xTaskPriorityDisinherit                0x0800566c   Section        0  tasks.o(i.xTaskPriorityDisinherit)
    i.xTaskRemoveFromEventList               0x08005784   Section        0  tasks.o(i.xTaskRemoveFromEventList)
    i.xTaskResumeAll                         0x080058d8   Section        0  tasks.o(i.xTaskResumeAll)
    i.xTimerCreateTimerTask                  0x08005a80   Section        0  timers.o(i.xTimerCreateTimerTask)
    locale$$code                             0x08005b08   Section       44  lc_numeric_c.o(locale$$code)
    x$fpl$dretinf                            0x08005b34   Section       12  dretinf.o(x$fpl$dretinf)
    x$fpl$f2d                                0x08005b40   Section       86  f2d.o(x$fpl$f2d)
    x$fpl$fadd                               0x08005b98   Section      196  faddsub_clz.o(x$fpl$fadd)
    _fadd1                                   0x08005ba7   Thumb Code     0  faddsub_clz.o(x$fpl$fadd)
    x$fpl$fdiv                               0x08005c5c   Section      388  fdiv.o(x$fpl$fdiv)
    _fdiv1                                   0x08005c5d   Thumb Code     0  fdiv.o(x$fpl$fdiv)
    x$fpl$ffltu                              0x08005de0   Section       38  fflt_clz.o(x$fpl$ffltu)
    x$fpl$fmul                               0x08005e08   Section      258  fmul.o(x$fpl$fmul)
    x$fpl$fnaninf                            0x08005f0a   Section      140  fnaninf.o(x$fpl$fnaninf)
    x$fpl$fretinf                            0x08005f96   Section       10  fretinf.o(x$fpl$fretinf)
    x$fpl$fsub                               0x08005fa0   Section      234  faddsub_clz.o(x$fpl$fsub)
    _fsub1                                   0x08005faf   Thumb Code     0  faddsub_clz.o(x$fpl$fsub)
    x$fpl$printf1                            0x0800608a   Section        4  printf1.o(x$fpl$printf1)
    .constdata                               0x0800608e   Section       24  system_stm32f1xx.o(.constdata)
    x$fpl$usenofp                            0x0800608e   Section        0  usenofp.o(x$fpl$usenofp)
    .constdata                               0x080060a6   Section       40  _printf_hex_int.o(.constdata)
    uc_hextab                                0x080060a6   Data          20  _printf_hex_int.o(.constdata)
    lc_hextab                                0x080060ba   Data          20  _printf_hex_int.o(.constdata)
    .constdata                               0x080060ce   Section       17  __printf_flags_wp.o(.constdata)
    maptable                                 0x080060ce   Data          17  __printf_flags_wp.o(.constdata)
    .constdata                               0x080060e0   Section      148  bigflt0.o(.constdata)
    tenpwrs_x                                0x080060e0   Data          60  bigflt0.o(.constdata)
    tenpwrs_i                                0x0800611c   Data          64  bigflt0.o(.constdata)
    locale$$data                             0x08006194   Section       28  lc_numeric_c.o(locale$$data)
    __lcnum_c_name                           0x08006198   Data           2  lc_numeric_c.o(locale$$data)
    __lcnum_c_start                          0x080061a0   Data           0  lc_numeric_c.o(locale$$data)
    __lcnum_c_point                          0x080061ac   Data           0  lc_numeric_c.o(locale$$data)
    __lcnum_c_thousands                      0x080061ae   Data           0  lc_numeric_c.o(locale$$data)
    __lcnum_c_grouping                       0x080061af   Data           0  lc_numeric_c.o(locale$$data)
    __lcnum_c_end                            0x080061b0   Data           0  lc_numeric_c.o(locale$$data)
    .data                                    0x20000000   Section       33  main.o(.data)
    .data                                    0x20000024   Section        4  system_stm32f1xx.o(.data)
    .data                                    0x20000028   Section        4  delay.o(.data)
    g_fac_us                                 0x20000028   Data           4  delay.o(.data)
    .data                                    0x2000002c   Section       15  usart.o(.data)
    g_lora_module_present                    0x2000002c   Data           1  usart.o(.data)
    .data                                    0x2000003c   Section        9  stm32f1xx_hal.o(.data)
    .data                                    0x20000048   Section       16  sht.o(.data)
    .data                                    0x20000058   Section       64  tasks.o(.data)
    pxDelayedTaskList                        0x2000005c   Data           4  tasks.o(.data)
    pxOverflowDelayedTaskList                0x20000060   Data           4  tasks.o(.data)
    uxDeletedTasksWaitingCleanUp             0x20000064   Data           4  tasks.o(.data)
    uxCurrentNumberOfTasks                   0x20000068   Data           4  tasks.o(.data)
    xTickCount                               0x2000006c   Data           4  tasks.o(.data)
    uxTopReadyPriority                       0x20000070   Data           4  tasks.o(.data)
    xSchedulerRunning                        0x20000074   Data           4  tasks.o(.data)
    xPendedTicks                             0x20000078   Data           4  tasks.o(.data)
    xYieldPending                            0x2000007c   Data           4  tasks.o(.data)
    xNumOfOverflows                          0x20000080   Data           4  tasks.o(.data)
    uxTaskNumber                             0x20000084   Data           4  tasks.o(.data)
    xNextTaskUnblockTime                     0x20000088   Data           4  tasks.o(.data)
    xIdleTaskHandle                          0x2000008c   Data           4  tasks.o(.data)
    uxSchedulerSuspended                     0x20000094   Data           4  tasks.o(.data)
    .data                                    0x20000098   Section       20  timers.o(.data)
    pxCurrentTimerList                       0x20000098   Data           4  timers.o(.data)
    pxOverflowTimerList                      0x2000009c   Data           4  timers.o(.data)
    xTimerQueue                              0x200000a0   Data           4  timers.o(.data)
    xTimerTaskHandle                         0x200000a4   Data           4  timers.o(.data)
    xLastTime                                0x200000a8   Data           4  timers.o(.data)
    .data                                    0x200000ac   Section       12  port.o(.data)
    uxCriticalNesting                        0x200000ac   Data           4  port.o(.data)
    ucMaxSysCallPriority                     0x200000b0   Data           1  port.o(.data)
    ulMaxPRIGROUPValue                       0x200000b4   Data           4  port.o(.data)
    .data                                    0x200000b8   Section       32  heap_4.o(.data)
    xStart                                   0x200000b8   Data           8  heap_4.o(.data)
    pxEnd                                    0x200000c0   Data           4  heap_4.o(.data)
    xFreeBytesRemaining                      0x200000c4   Data           4  heap_4.o(.data)
    xMinimumEverFreeBytesRemaining           0x200000c8   Data           4  heap_4.o(.data)
    xNumberOfSuccessfulAllocations           0x200000cc   Data           4  heap_4.o(.data)
    xNumberOfSuccessfulFrees                 0x200000d0   Data           4  heap_4.o(.data)
    xBlockAllocatedBit                       0x200000d4   Data           4  heap_4.o(.data)
    .bss                                     0x200000d8   Section      528  usart.o(.bss)
    .bss                                     0x200002e8   Section       64  queue.o(.bss)
    .bss                                     0x20000328   Section      740  tasks.o(.bss)
    pxReadyTasksLists                        0x20000328   Data         640  tasks.o(.bss)
    xDelayedTaskList1                        0x200005a8   Data          20  tasks.o(.bss)
    xDelayedTaskList2                        0x200005bc   Data          20  tasks.o(.bss)
    xPendingReadyList                        0x200005d0   Data          20  tasks.o(.bss)
    xTasksWaitingTermination                 0x200005e4   Data          20  tasks.o(.bss)
    xSuspendedTaskList                       0x200005f8   Data          20  tasks.o(.bss)
    .bss                                     0x2000060c   Section       40  timers.o(.bss)
    xActiveTimerList1                        0x2000060c   Data          20  timers.o(.bss)
    xActiveTimerList2                        0x20000620   Data          20  timers.o(.bss)
    .bss                                     0x20000634   Section    10240  heap_4.o(.bss)
    ucHeap                                   0x20000634   Data       10240  heap_4.o(.bss)
    .bss                                     0x20002e34   Section       96  libspace.o(.bss)
    HEAP                                     0x20002e98   Section      512  startup_stm32f103xe.o(HEAP)
    Heap_Mem                                 0x20002e98   Data         512  startup_stm32f103xe.o(HEAP)
    STACK                                    0x20003098   Section     1024  startup_stm32f103xe.o(STACK)
    Stack_Mem                                0x20003098   Data        1024  startup_stm32f103xe.o(STACK)
    __initial_sp                             0x20003498   Data           0  startup_stm32f103xe.o(STACK)

    Global Symbols

    Symbol Name                              Value     Ov Type        Size  Object(Section)

    BuildAttributes$$THM_ISAv4$P$D$K$B$S$PE$A:L22UL41UL21$X:L11$S22US41US21$IEEE1$IW$USESV6$~STKCKD$USESV7$~SHL$OTIME$ROPI$IEEEJ$EBA8$UX$STANDARDLIB$REQ8$PRES8$EABIv2 0x00000000   Number         0  anon$$obj.o ABSOLUTE
    __ARM_use_no_argv                        0x00000000   Number         0  main.o ABSOLUTE
    _printf_flags                            0x00000000   Number         0  printf_stubs.o ABSOLUTE
    _printf_return_value                     0x00000000   Number         0  printf_stubs.o ABSOLUTE
    _printf_sizespec                         0x00000000   Number         0  printf_stubs.o ABSOLUTE
    _printf_widthprec                        0x00000000   Number         0  printf_stubs.o ABSOLUTE
    __ARM_exceptions_init                     - Undefined Weak Reference
    __alloca_initialize                       - Undefined Weak Reference
    __arm_fini_                               - Undefined Weak Reference
    __arm_preinit_                            - Undefined Weak Reference
    __cpp_initialize__aeabi_                  - Undefined Weak Reference
    __cxa_finalize                            - Undefined Weak Reference
    __sigvec_lookup                           - Undefined Weak Reference
    _atexit_init                              - Undefined Weak Reference
    _call_atexit_fns                          - Undefined Weak Reference
    _clock_init                               - Undefined Weak Reference
    _fp_trap_init                             - Undefined Weak Reference
    _fp_trap_shutdown                         - Undefined Weak Reference
    _get_lc_collate                           - Undefined Weak Reference
    _get_lc_ctype                             - Undefined Weak Reference
    _get_lc_monetary                          - Undefined Weak Reference
    _get_lc_time                              - Undefined Weak Reference
    _getenv_init                              - Undefined Weak Reference
    _handle_redirection                       - Undefined Weak Reference
    _init_alloc                               - Undefined Weak Reference
    _init_user_alloc                          - Undefined Weak Reference
    _initio                                   - Undefined Weak Reference
    _mutex_acquire                            - Undefined Weak Reference
    _mutex_release                            - Undefined Weak Reference
    _printf_mbtowc                            - Undefined Weak Reference
    _printf_truncate_signed                   - Undefined Weak Reference
    _printf_truncate_unsigned                 - Undefined Weak Reference
    _rand_init                                - Undefined Weak Reference
    _signal_finish                            - Undefined Weak Reference
    _signal_init                              - Undefined Weak Reference
    _terminate_alloc                          - Undefined Weak Reference
    _terminate_user_alloc                     - Undefined Weak Reference
    _terminateio                              - Undefined Weak Reference
    __Vectors_Size                           0x00000130   Number         0  startup_stm32f103xe.o ABSOLUTE
    __Vectors                                0x08000000   Data           4  startup_stm32f103xe.o(RESET)
    __Vectors_End                            0x08000130   Data           0  startup_stm32f103xe.o(RESET)
    __main                                   0x08000131   Thumb Code     8  __main.o(!!!main)
    __scatterload                            0x08000139   Thumb Code     0  __scatter.o(!!!scatter)
    __scatterload_rt2                        0x08000139   Thumb Code    44  __scatter.o(!!!scatter)
    __scatterload_rt2_thumb_only             0x08000139   Thumb Code     0  __scatter.o(!!!scatter)
    __scatterload_null                       0x08000147   Thumb Code     0  __scatter.o(!!!scatter)
    __scatterload_copy                       0x0800016d   Thumb Code    26  __scatter_copy.o(!!handler_copy)
    __scatterload_zeroinit                   0x08000189   Thumb Code    28  __scatter_zi.o(!!handler_zi)
    _printf_f                                0x080001a5   Thumb Code     0  _printf_f.o(.ARM.Collect$$_printf_percent$$00000003)
    _printf_percent                          0x080001a5   Thumb Code     0  _printf_percent.o(.ARM.Collect$$_printf_percent$$00000000)
    _printf_d                                0x080001ab   Thumb Code     0  _printf_d.o(.ARM.Collect$$_printf_percent$$00000009)
    _printf_x                                0x080001b1   Thumb Code     0  _printf_x.o(.ARM.Collect$$_printf_percent$$0000000C)
    _printf_s                                0x080001b7   Thumb Code     0  _printf_s.o(.ARM.Collect$$_printf_percent$$00000014)
    _printf_percent_end                      0x080001bd   Thumb Code     0  _printf_percent_end.o(.ARM.Collect$$_printf_percent$$00000017)
    __rt_lib_init                            0x080001c1   Thumb Code     0  libinit.o(.ARM.Collect$$libinit$$00000000)
    __rt_lib_init_fp_1                       0x080001c3   Thumb Code     0  libinit2.o(.ARM.Collect$$libinit$$00000002)
    __rt_lib_init_heap_1                     0x080001c3   Thumb Code     0  libinit2.o(.ARM.Collect$$libinit$$0000000A)
    __rt_lib_init_lc_common                  0x080001c3   Thumb Code     0  libinit2.o(.ARM.Collect$$libinit$$0000000F)
    __rt_lib_init_preinit_1                  0x080001c3   Thumb Code     0  libinit2.o(.ARM.Collect$$libinit$$00000004)
    __rt_lib_init_rand_1                     0x080001c3   Thumb Code     0  libinit2.o(.ARM.Collect$$libinit$$0000000E)
    __rt_lib_init_user_alloc_1               0x080001c3   Thumb Code     0  libinit2.o(.ARM.Collect$$libinit$$0000000C)
    __rt_lib_init_lc_collate_1               0x080001c9   Thumb Code     0  libinit2.o(.ARM.Collect$$libinit$$00000011)
    __rt_lib_init_lc_ctype_1                 0x080001c9   Thumb Code     0  libinit2.o(.ARM.Collect$$libinit$$00000013)
    __rt_lib_init_lc_monetary_1              0x080001c9   Thumb Code     0  libinit2.o(.ARM.Collect$$libinit$$00000015)
    __rt_lib_init_lc_numeric_2               0x080001c9   Thumb Code     0  libinit2.o(.ARM.Collect$$libinit$$00000016)
    __rt_lib_init_alloca_1                   0x080001d3   Thumb Code     0  libinit2.o(.ARM.Collect$$libinit$$0000002E)
    __rt_lib_init_argv_1                     0x080001d3   Thumb Code     0  libinit2.o(.ARM.Collect$$libinit$$0000002C)
    __rt_lib_init_atexit_1                   0x080001d3   Thumb Code     0  libinit2.o(.ARM.Collect$$libinit$$0000001B)
    __rt_lib_init_clock_1                    0x080001d3   Thumb Code     0  libinit2.o(.ARM.Collect$$libinit$$00000021)
    __rt_lib_init_cpp_1                      0x080001d3   Thumb Code     0  libinit2.o(.ARM.Collect$$libinit$$00000032)
    __rt_lib_init_exceptions_1               0x080001d3   Thumb Code     0  libinit2.o(.ARM.Collect$$libinit$$00000030)
    __rt_lib_init_fp_trap_1                  0x080001d3   Thumb Code     0  libinit2.o(.ARM.Collect$$libinit$$0000001F)
    __rt_lib_init_getenv_1                   0x080001d3   Thumb Code     0  libinit2.o(.ARM.Collect$$libinit$$00000023)
    __rt_lib_init_lc_numeric_1               0x080001d3   Thumb Code     0  libinit2.o(.ARM.Collect$$libinit$$00000017)
    __rt_lib_init_lc_time_1                  0x080001d3   Thumb Code     0  libinit2.o(.ARM.Collect$$libinit$$00000019)
    __rt_lib_init_return                     0x080001d3   Thumb Code     0  libinit2.o(.ARM.Collect$$libinit$$00000033)
    __rt_lib_init_signal_1                   0x080001d3   Thumb Code     0  libinit2.o(.ARM.Collect$$libinit$$0000001D)
    __rt_lib_init_stdio_1                    0x080001d3   Thumb Code     0  libinit2.o(.ARM.Collect$$libinit$$00000025)
    __rt_lib_shutdown                        0x080001d5   Thumb Code     0  libshutdown.o(.ARM.Collect$$libshutdown$$00000000)
    __rt_lib_shutdown_cpp_1                  0x080001d7   Thumb Code     0  libshutdown2.o(.ARM.Collect$$libshutdown$$00000004)
    __rt_lib_shutdown_fini_1                 0x080001d7   Thumb Code     0  libshutdown2.o(.ARM.Collect$$libshutdown$$00000002)
    __rt_lib_shutdown_fp_trap_1              0x080001d7   Thumb Code     0  libshutdown2.o(.ARM.Collect$$libshutdown$$00000009)
    __rt_lib_shutdown_heap_1                 0x080001d7   Thumb Code     0  libshutdown2.o(.ARM.Collect$$libshutdown$$00000011)
    __rt_lib_shutdown_return                 0x080001d7   Thumb Code     0  libshutdown2.o(.ARM.Collect$$libshutdown$$00000012)
    __rt_lib_shutdown_signal_1               0x080001d7   Thumb Code     0  libshutdown2.o(.ARM.Collect$$libshutdown$$0000000C)
    __rt_lib_shutdown_stdio_1                0x080001d7   Thumb Code     0  libshutdown2.o(.ARM.Collect$$libshutdown$$00000006)
    __rt_lib_shutdown_user_alloc_1           0x080001d7   Thumb Code     0  libshutdown2.o(.ARM.Collect$$libshutdown$$0000000E)
    __rt_entry                               0x080001d9   Thumb Code     0  __rtentry.o(.ARM.Collect$$rtentry$$00000000)
    __rt_entry_presh_1                       0x080001d9   Thumb Code     0  __rtentry2.o(.ARM.Collect$$rtentry$$00000002)
    __rt_entry_sh                            0x080001d9   Thumb Code     0  __rtentry4.o(.ARM.Collect$$rtentry$$00000004)
    __rt_entry_li                            0x080001df   Thumb Code     0  __rtentry2.o(.ARM.Collect$$rtentry$$0000000A)
    __rt_entry_postsh_1                      0x080001df   Thumb Code     0  __rtentry2.o(.ARM.Collect$$rtentry$$00000009)
    __rt_entry_main                          0x080001e3   Thumb Code     0  __rtentry2.o(.ARM.Collect$$rtentry$$0000000D)
    __rt_entry_postli_1                      0x080001e3   Thumb Code     0  __rtentry2.o(.ARM.Collect$$rtentry$$0000000C)
    __rt_exit                                0x080001eb   Thumb Code     0  rtexit.o(.ARM.Collect$$rtexit$$00000000)
    __rt_exit_ls                             0x080001ed   Thumb Code     0  rtexit2.o(.ARM.Collect$$rtexit$$00000003)
    __rt_exit_prels_1                        0x080001ed   Thumb Code     0  rtexit2.o(.ARM.Collect$$rtexit$$00000002)
    __rt_exit_exit                           0x080001f1   Thumb Code     0  rtexit2.o(.ARM.Collect$$rtexit$$00000004)
    SVC_Handler                              0x080001f9   Thumb Code    32  port.o(.emb_text)
    __asm___6_port_c_39a90d8d__prvStartFirstTask 0x0800021d   Thumb Code    28  port.o(.emb_text)
    PendSV_Handler                           0x0800023d   Thumb Code    72  port.o(.emb_text)
    vPortGetIPSR                             0x08000289   Thumb Code     6  port.o(.emb_text)
    Reset_Handler                            0x08000291   Thumb Code     8  startup_stm32f103xe.o(.text)
    ADC1_2_IRQHandler                        0x080002ab   Thumb Code     0  startup_stm32f103xe.o(.text)
    ADC3_IRQHandler                          0x080002ab   Thumb Code     0  startup_stm32f103xe.o(.text)
    CAN1_RX1_IRQHandler                      0x080002ab   Thumb Code     0  startup_stm32f103xe.o(.text)
    CAN1_SCE_IRQHandler                      0x080002ab   Thumb Code     0  startup_stm32f103xe.o(.text)
    DMA1_Channel1_IRQHandler                 0x080002ab   Thumb Code     0  startup_stm32f103xe.o(.text)
    DMA1_Channel2_IRQHandler                 0x080002ab   Thumb Code     0  startup_stm32f103xe.o(.text)
    DMA1_Channel3_IRQHandler                 0x080002ab   Thumb Code     0  startup_stm32f103xe.o(.text)
    DMA1_Channel4_IRQHandler                 0x080002ab   Thumb Code     0  startup_stm32f103xe.o(.text)
    DMA1_Channel5_IRQHandler                 0x080002ab   Thumb Code     0  startup_stm32f103xe.o(.text)
    DMA1_Channel6_IRQHandler                 0x080002ab   Thumb Code     0  startup_stm32f103xe.o(.text)
    DMA1_Channel7_IRQHandler                 0x080002ab   Thumb Code     0  startup_stm32f103xe.o(.text)
    DMA2_Channel1_IRQHandler                 0x080002ab   Thumb Code     0  startup_stm32f103xe.o(.text)
    DMA2_Channel2_IRQHandler                 0x080002ab   Thumb Code     0  startup_stm32f103xe.o(.text)
    DMA2_Channel3_IRQHandler                 0x080002ab   Thumb Code     0  startup_stm32f103xe.o(.text)
    DMA2_Channel4_5_IRQHandler               0x080002ab   Thumb Code     0  startup_stm32f103xe.o(.text)
    EXTI0_IRQHandler                         0x080002ab   Thumb Code     0  startup_stm32f103xe.o(.text)
    EXTI15_10_IRQHandler                     0x080002ab   Thumb Code     0  startup_stm32f103xe.o(.text)
    EXTI1_IRQHandler                         0x080002ab   Thumb Code     0  startup_stm32f103xe.o(.text)
    EXTI2_IRQHandler                         0x080002ab   Thumb Code     0  startup_stm32f103xe.o(.text)
    EXTI3_IRQHandler                         0x080002ab   Thumb Code     0  startup_stm32f103xe.o(.text)
    EXTI4_IRQHandler                         0x080002ab   Thumb Code     0  startup_stm32f103xe.o(.text)
    EXTI9_5_IRQHandler                       0x080002ab   Thumb Code     0  startup_stm32f103xe.o(.text)
    FLASH_IRQHandler                         0x080002ab   Thumb Code     0  startup_stm32f103xe.o(.text)
    FSMC_IRQHandler                          0x080002ab   Thumb Code     0  startup_stm32f103xe.o(.text)
    I2C1_ER_IRQHandler                       0x080002ab   Thumb Code     0  startup_stm32f103xe.o(.text)
    I2C1_EV_IRQHandler                       0x080002ab   Thumb Code     0  startup_stm32f103xe.o(.text)
    I2C2_ER_IRQHandler                       0x080002ab   Thumb Code     0  startup_stm32f103xe.o(.text)
    I2C2_EV_IRQHandler                       0x080002ab   Thumb Code     0  startup_stm32f103xe.o(.text)
    PVD_IRQHandler                           0x080002ab   Thumb Code     0  startup_stm32f103xe.o(.text)
    RCC_IRQHandler                           0x080002ab   Thumb Code     0  startup_stm32f103xe.o(.text)
    RTC_Alarm_IRQHandler                     0x080002ab   Thumb Code     0  startup_stm32f103xe.o(.text)
    RTC_IRQHandler                           0x080002ab   Thumb Code     0  startup_stm32f103xe.o(.text)
    SDIO_IRQHandler                          0x080002ab   Thumb Code     0  startup_stm32f103xe.o(.text)
    SPI1_IRQHandler                          0x080002ab   Thumb Code     0  startup_stm32f103xe.o(.text)
    SPI2_IRQHandler                          0x080002ab   Thumb Code     0  startup_stm32f103xe.o(.text)
    SPI3_IRQHandler                          0x080002ab   Thumb Code     0  startup_stm32f103xe.o(.text)
    TAMPER_IRQHandler                        0x080002ab   Thumb Code     0  startup_stm32f103xe.o(.text)
    TIM1_BRK_IRQHandler                      0x080002ab   Thumb Code     0  startup_stm32f103xe.o(.text)
    TIM1_CC_IRQHandler                       0x080002ab   Thumb Code     0  startup_stm32f103xe.o(.text)
    TIM1_TRG_COM_IRQHandler                  0x080002ab   Thumb Code     0  startup_stm32f103xe.o(.text)
    TIM1_UP_IRQHandler                       0x080002ab   Thumb Code     0  startup_stm32f103xe.o(.text)
    TIM2_IRQHandler                          0x080002ab   Thumb Code     0  startup_stm32f103xe.o(.text)
    TIM3_IRQHandler                          0x080002ab   Thumb Code     0  startup_stm32f103xe.o(.text)
    TIM4_IRQHandler                          0x080002ab   Thumb Code     0  startup_stm32f103xe.o(.text)
    TIM5_IRQHandler                          0x080002ab   Thumb Code     0  startup_stm32f103xe.o(.text)
    TIM6_IRQHandler                          0x080002ab   Thumb Code     0  startup_stm32f103xe.o(.text)
    TIM7_IRQHandler                          0x080002ab   Thumb Code     0  startup_stm32f103xe.o(.text)
    TIM8_BRK_IRQHandler                      0x080002ab   Thumb Code     0  startup_stm32f103xe.o(.text)
    TIM8_CC_IRQHandler                       0x080002ab   Thumb Code     0  startup_stm32f103xe.o(.text)
    TIM8_TRG_COM_IRQHandler                  0x080002ab   Thumb Code     0  startup_stm32f103xe.o(.text)
    TIM8_UP_IRQHandler                       0x080002ab   Thumb Code     0  startup_stm32f103xe.o(.text)
    UART4_IRQHandler                         0x080002ab   Thumb Code     0  startup_stm32f103xe.o(.text)
    UART5_IRQHandler                         0x080002ab   Thumb Code     0  startup_stm32f103xe.o(.text)
    USART2_IRQHandler                        0x080002ab   Thumb Code     0  startup_stm32f103xe.o(.text)
    USBWakeUp_IRQHandler                     0x080002ab   Thumb Code     0  startup_stm32f103xe.o(.text)
    USB_HP_CAN1_TX_IRQHandler                0x080002ab   Thumb Code     0  startup_stm32f103xe.o(.text)
    USB_LP_CAN1_RX0_IRQHandler               0x080002ab   Thumb Code     0  startup_stm32f103xe.o(.text)
    WWDG_IRQHandler                          0x080002ab   Thumb Code     0  startup_stm32f103xe.o(.text)
    __user_initial_stackheap                 0x080002ad   Thumb Code     0  startup_stm32f103xe.o(.text)
    __use_no_semihosting                     0x080002d1   Thumb Code     2  use_no_semi_2.o(.text)
    __2printf                                0x080002d5   Thumb Code    20  noretval__2printf.o(.text)
    _printf_pre_padding                      0x080002ed   Thumb Code    44  _printf_pad.o(.text)
    _printf_post_padding                     0x08000319   Thumb Code    34  _printf_pad.o(.text)
    _printf_str                              0x0800033b   Thumb Code    82  _printf_str.o(.text)
    _printf_int_dec                          0x0800038d   Thumb Code   104  _printf_dec.o(.text)
    _printf_int_hex                          0x08000405   Thumb Code    84  _printf_hex_int.o(.text)
    _printf_longlong_hex                     0x08000405   Thumb Code     0  _printf_hex_int.o(.text)
    __printf                                 0x0800045d   Thumb Code   308  __printf_flags_wp.o(.text)
    strlen                                   0x08000595   Thumb Code    62  strlen.o(.text)
    __aeabi_memcpy                           0x080005d3   Thumb Code     0  rt_memcpy_v6.o(.text)
    __rt_memcpy                              0x080005d3   Thumb Code   138  rt_memcpy_v6.o(.text)
    _memcpy_lastbytes                        0x08000639   Thumb Code     0  rt_memcpy_v6.o(.text)
    __aeabi_memcpy4                          0x0800065d   Thumb Code     0  rt_memcpy_w.o(.text)
    __aeabi_memcpy8                          0x0800065d   Thumb Code     0  rt_memcpy_w.o(.text)
    __rt_memcpy_w                            0x0800065d   Thumb Code   100  rt_memcpy_w.o(.text)
    _memcpy_lastbytes_aligned                0x080006a5   Thumb Code     0  rt_memcpy_w.o(.text)
    __aeabi_memset                           0x080006c1   Thumb Code    16  aeabi_memset.o(.text)
    __aeabi_memclr4                          0x080006d1   Thumb Code     0  rt_memclr_w.o(.text)
    __aeabi_memclr8                          0x080006d1   Thumb Code     0  rt_memclr_w.o(.text)
    __rt_memclr_w                            0x080006d1   Thumb Code    78  rt_memclr_w.o(.text)
    _memset_w                                0x080006d5   Thumb Code     0  rt_memclr_w.o(.text)
    __use_two_region_memory                  0x0800071f   Thumb Code     2  heapauxi.o(.text)
    __rt_heap_escrow$2region                 0x08000721   Thumb Code     2  heapauxi.o(.text)
    __rt_heap_expand$2region                 0x08000723   Thumb Code     2  heapauxi.o(.text)
    __semihosting$guard                      0x08000725   Thumb Code     0  use_no_semi.o(.text)
    __use_no_semihosting_swi                 0x08000725   Thumb Code     2  use_no_semi.o(.text)
    _printf_int_common                       0x08000727   Thumb Code   178  _printf_intcommon.o(.text)
    __lib_sel_fp_printf                      0x080007d9   Thumb Code     2  _printf_fp_dec.o(.text)
    _printf_fp_dec_real                      0x0800098b   Thumb Code   620  _printf_fp_dec.o(.text)
    _printf_char_common                      0x08000c03   Thumb Code    32  _printf_char_common.o(.text)
    _printf_cs_common                        0x08000c29   Thumb Code    20  _printf_char.o(.text)
    _printf_char                             0x08000c3d   Thumb Code    16  _printf_char.o(.text)
    _printf_string                           0x08000c4d   Thumb Code     8  _printf_char.o(.text)
    _printf_char_file                        0x08000c55   Thumb Code    32  _printf_char_file.o(.text)
    __aeabi_memclr                           0x08000c79   Thumb Code     0  rt_memclr.o(.text)
    __rt_memclr                              0x08000c79   Thumb Code    68  rt_memclr.o(.text)
    _memset                                  0x08000c7d   Thumb Code     0  rt_memclr.o(.text)
    __rt_locale                              0x08000cbd   Thumb Code     8  rt_locale_intlibspace.o(.text)
    _ll_udiv10                               0x08000cc5   Thumb Code   138  lludiv10.o(.text)
    _printf_fp_infnan                        0x08000d51   Thumb Code   112  _printf_fp_infnan.o(.text)
    _btod_etento                             0x08000dd1   Thumb Code   224  bigflt0.o(.text)
    ferror                                   0x08000eb5   Thumb Code     8  ferror.o(.text)
    __user_libspace                          0x08000ebd   Thumb Code     8  libspace.o(.text)
    __user_perproc_libspace                  0x08000ebd   Thumb Code     0  libspace.o(.text)
    __user_perthread_libspace                0x08000ebd   Thumb Code     0  libspace.o(.text)
    __user_setup_stackheap                   0x08000ec5   Thumb Code    74  sys_stackheap_outer.o(.text)
    exit                                     0x08000f0f   Thumb Code    18  exit.o(.text)
    strcmp                                   0x08000f21   Thumb Code   128  strcmpv7m.o(.text)
    _btod_d2e                                0x08000fa1   Thumb Code    62  btod.o(CL$$btod_d2e)
    _d2e_denorm_low                          0x08000fdf   Thumb Code    70  btod.o(CL$$btod_d2e_denorm_low)
    _d2e_norm_op1                            0x08001025   Thumb Code    96  btod.o(CL$$btod_d2e_norm_op1)
    __btod_div_common                        0x08001085   Thumb Code   696  btod.o(CL$$btod_div_common)
    _e2e                                     0x080013bd   Thumb Code   220  btod.o(CL$$btod_e2e)
    _btod_ediv                               0x08001499   Thumb Code    42  btod.o(CL$$btod_ediv)
    _btod_emul                               0x080014c3   Thumb Code    42  btod.o(CL$$btod_emul)
    __btod_mult_common                       0x080014ed   Thumb Code   580  btod.o(CL$$btod_mult_common)
    BusFault_Handler                         0x08001731   Thumb Code     4  stm32f1xx_it.o(i.BusFault_Handler)
    CalculateHumidity                        0x08001785   Thumb Code    28  sht.o(i.CalculateHumidity)
    CalculateTemperature                     0x080017a9   Thumb Code    40  sht.o(i.CalculateTemperature)
    CheckAckSignal                           0x080017dd   Thumb Code    78  iic.o(i.CheckAckSignal)
    CommunicationTask                        0x0800182b   Thumb Code    16  main.o(i.CommunicationTask)
    DataCollectTask                          0x0800183d   Thumb Code   116  main.o(i.DataCollectTask)
    DebugMon_Handler                         0x080018dd   Thumb Code     2  stm32f1xx_it.o(i.DebugMon_Handler)
    GetLoraPresentFlag                       0x0800192d   Thumb Code     6  usart.o(i.GetLoraPresentFlag)
    GetSdaPin                                0x08001939   Thumb Code    14  iic.o(i.GetSdaPin)
    GetTempHumidProcess                      0x08001949   Thumb Code   228  sht.o(i.GetTempHumidProcess)
    HAL_DMA_Abort_IT                         0x08001a5d   Thumb Code   414  stm32f1xx_hal_dma.o(i.HAL_DMA_Abort_IT)
    HAL_GPIO_Init                            0x08001c05   Thumb Code   792  stm32f1xx_hal_gpio.o(i.HAL_GPIO_Init)
    HAL_GPIO_ReadPin                         0x08001f45   Thumb Code    16  stm32f1xx_hal_gpio.o(i.HAL_GPIO_ReadPin)
    HAL_GPIO_TogglePin                       0x08001f55   Thumb Code    20  stm32f1xx_hal_gpio.o(i.HAL_GPIO_TogglePin)
    HAL_GPIO_WritePin                        0x08001f69   Thumb Code    12  stm32f1xx_hal_gpio.o(i.HAL_GPIO_WritePin)
    HAL_GetTick                              0x08001f75   Thumb Code     6  stm32f1xx_hal.o(i.HAL_GetTick)
    HAL_IncTick                              0x08001f81   Thumb Code    16  stm32f1xx_hal.o(i.HAL_IncTick)
    HAL_Init                                 0x08001f99   Thumb Code    34  stm32f1xx_hal.o(i.HAL_Init)
    HAL_InitTick                             0x08001fc1   Thumb Code    64  stm32f1xx_hal.o(i.HAL_InitTick)
    HAL_MspInit                              0x0800200d   Thumb Code     2  stm32f1xx_hal.o(i.HAL_MspInit)
    HAL_NVIC_EnableIRQ                       0x0800200f   Thumb Code    32  stm32f1xx_hal_cortex.o(i.HAL_NVIC_EnableIRQ)
    HAL_NVIC_SetPriority                     0x0800202f   Thumb Code   124  stm32f1xx_hal_cortex.o(i.HAL_NVIC_SetPriority)
    HAL_NVIC_SetPriorityGrouping             0x080020ad   Thumb Code    32  stm32f1xx_hal_cortex.o(i.HAL_NVIC_SetPriorityGrouping)
    HAL_RCC_ClockConfig                      0x080020d5   Thumb Code   376  stm32f1xx_hal_rcc.o(i.HAL_RCC_ClockConfig)
    HAL_RCC_GetHCLKFreq                      0x08002261   Thumb Code     6  stm32f1xx_hal_rcc.o(i.HAL_RCC_GetHCLKFreq)
    HAL_RCC_GetPCLK1Freq                     0x0800226d   Thumb Code    22  stm32f1xx_hal_rcc.o(i.HAL_RCC_GetPCLK1Freq)
    HAL_RCC_GetPCLK2Freq                     0x0800228d   Thumb Code    22  stm32f1xx_hal_rcc.o(i.HAL_RCC_GetPCLK2Freq)
    HAL_RCC_GetSysClockFreq                  0x080022ad   Thumb Code   116  stm32f1xx_hal_rcc.o(i.HAL_RCC_GetSysClockFreq)
    HAL_RCC_OscConfig                        0x08002341   Thumb Code  1114  stm32f1xx_hal_rcc.o(i.HAL_RCC_OscConfig)
    HAL_SYSTICK_CLKSourceConfig              0x080027a5   Thumb Code    40  stm32f1xx_hal_cortex.o(i.HAL_SYSTICK_CLKSourceConfig)
    HAL_SYSTICK_Config                       0x080027cd   Thumb Code    52  stm32f1xx_hal_cortex.o(i.HAL_SYSTICK_Config)
    HAL_UART_ErrorCallback                   0x08002801   Thumb Code     2  stm32f1xx_hal_uart.o(i.HAL_UART_ErrorCallback)
    HAL_UART_IRQHandler                      0x08002805   Thumb Code   334  stm32f1xx_hal_uart.o(i.HAL_UART_IRQHandler)
    HAL_UART_Init                            0x08002959   Thumb Code   114  stm32f1xx_hal_uart.o(i.HAL_UART_Init)
    HAL_UART_MspInit                         0x080029cd   Thumb Code   342  usart.o(i.HAL_UART_MspInit)
    HAL_UART_Receive_IT                      0x08002b39   Thumb Code   112  stm32f1xx_hal_uart.o(i.HAL_UART_Receive_IT)
    HAL_UART_RxCpltCallback                  0x08002ba9   Thumb Code   246  usart.o(i.HAL_UART_RxCpltCallback)
    HAL_UART_Transmit                        0x08002ccd   Thumb Code   210  stm32f1xx_hal_uart.o(i.HAL_UART_Transmit)
    HAL_UART_TxCpltCallback                  0x08002da1   Thumb Code    28  usart.o(i.HAL_UART_TxCpltCallback)
    HardFault_Handler                        0x08002ddd   Thumb Code     4  stm32f1xx_it.o(i.HardFault_Handler)
    IicDelayUs                               0x08002de1   Thumb Code    12  iic.o(i.IicDelayUs)
    IicSendAck                               0x08002ded   Thumb Code    74  iic.o(i.IicSendAck)
    IicStart                                 0x08002e37   Thumb Code    70  iic.o(i.IicStart)
    IicStop                                  0x08002e7d   Thumb Code    58  iic.o(i.IicStop)
    LoraRemoteCommunicationTest              0x08002eb9   Thumb Code    70  lora.o(i.LoraRemoteCommunicationTest)
    LoraUnitTest                             0x08002f35   Thumb Code    22  lora.o(i.LoraUnitTest)
    MemManage_Handler                        0x08002f4b   Thumb Code     4  stm32f1xx_it.o(i.MemManage_Handler)
    NMI_Handler                              0x08002f4f   Thumb Code     2  stm32f1xx_it.o(i.NMI_Handler)
    ReceiveByte                              0x08002ff5   Thumb Code   102  iic.o(i.ReceiveByte)
    SendByte                                 0x0800305b   Thumb Code   112  iic.o(i.SendByte)
    SetSclPin                                0x08003129   Thumb Code    18  iic.o(i.SetSclPin)
    SetSdaPin                                0x0800313b   Thumb Code    18  iic.o(i.SetSdaPin)
    ShtInit                                  0x0800314d   Thumb Code   128  sht.o(i.ShtInit)
    StartTask                                0x080031dd   Thumb Code    60  main.o(i.StartTask)
    SysTick_Handler                          0x08003251   Thumb Code    20  delay.o(i.SysTick_Handler)
    SystemInit                               0x08003265   Thumb Code     2  system_stm32f1xx.o(i.SystemInit)
    USART1_IRQHandler                        0x08003525   Thumb Code    10  usart.o(i.USART1_IRQHandler)
    USART3_IRQHandler                        0x08003535   Thumb Code    10  usart.o(i.USART3_IRQHandler)
    UsageFault_Handler                       0x08003545   Thumb Code     4  stm32f1xx_it.o(i.UsageFault_Handler)
    __ARM_fpclassify                         0x08003549   Thumb Code    40  fpclassify.o(i.__ARM_fpclassify)
    _is_digit                                0x080035a9   Thumb Code    14  __printf_wp.o(i._is_digit)
    _sys_exit                                0x080035b7   Thumb Code     4  usart.o(i._sys_exit)
    delay_init                               0x080035bd   Thumb Code    72  delay.o(i.delay_init)
    delay_ms                                 0x08003609   Thumb Code    18  delay.o(i.delay_ms)
    delay_us                                 0x0800361d   Thumb Code    68  delay.o(i.delay_us)
    fputc                                    0x08003665   Thumb Code    24  usart.o(i.fputc)
    freertos_entry                           0x08003681   Thumb Code    28  main.o(i.freertos_entry)
    led_init                                 0x080036b1   Thumb Code   132  led.o(i.led_init)
    lora_check_module_present                0x08003741   Thumb Code    86  lora.o(i.lora_check_module_present)
    lora_init                                0x080037cd   Thumb Code   106  lora.o(i.lora_init)
    main                                     0x08003845   Thumb Code    48  main.o(i.main)
    pvPortMalloc                             0x080043d1   Thumb Code   306  heap_4.o(i.pvPortMalloc)
    pxPortInitialiseStack                    0x08004569   Thumb Code    30  port.o(i.pxPortInitialiseStack)
    sys_stm32_clock_init                     0x0800458d   Thumb Code   102  sys.o(i.sys_stm32_clock_init)
    usart_init                               0x080045f5   Thumb Code    78  usart.o(i.usart_init)
    uxListRemove                             0x0800465d   Thumb Code    40  list.o(i.uxListRemove)
    vListInitialise                          0x08004685   Thumb Code    26  list.o(i.vListInitialise)
    vListInitialiseItem                      0x0800469f   Thumb Code     6  list.o(i.vListInitialiseItem)
    vListInsert                              0x080046a5   Thumb Code    52  list.o(i.vListInsert)
    vListInsertEnd                           0x080046d9   Thumb Code    24  list.o(i.vListInsertEnd)
    vPortEnterCritical                       0x080046f1   Thumb Code    68  port.o(i.vPortEnterCritical)
    vPortExitCritical                        0x0800478d   Thumb Code    48  port.o(i.vPortExitCritical)
    vPortFree                                0x08004811   Thumb Code   130  heap_4.o(i.vPortFree)
    vPortSetupTimerInterrupt                 0x080048ed   Thumb Code    38  port.o(i.vPortSetupTimerInterrupt)
    vQueueAddToRegistry                      0x08004919   Thumb Code    84  queue.o(i.vQueueAddToRegistry)
    vQueueWaitForMessageRestricted           0x080049ad   Thumb Code    74  queue.o(i.vQueueWaitForMessageRestricted)
    vTaskDelay                               0x080049f9   Thumb Code    72  tasks.o(i.vTaskDelay)
    vTaskDelete                              0x08004a85   Thumb Code   200  tasks.o(i.vTaskDelete)
    vTaskInternalSetTimeOutState             0x08004bb1   Thumb Code    14  tasks.o(i.vTaskInternalSetTimeOutState)
    vTaskMissedYield                         0x08004bc9   Thumb Code     8  tasks.o(i.vTaskMissedYield)
    vTaskPlaceOnEventList                    0x08004bd5   Thumb Code    42  tasks.o(i.vTaskPlaceOnEventList)
    vTaskPlaceOnEventListRestricted          0x08004c41   Thumb Code    84  tasks.o(i.vTaskPlaceOnEventListRestricted)
    vTaskStartScheduler                      0x08004cd5   Thumb Code   112  tasks.o(i.vTaskStartScheduler)
    vTaskSuspendAll                          0x08004da1   Thumb Code    12  tasks.o(i.vTaskSuspendAll)
    vTaskSwitchContext                       0x08004db1   Thumb Code   110  tasks.o(i.vTaskSwitchContext)
    xPortStartScheduler                      0x08004e71   Thumb Code   240  port.o(i.xPortStartScheduler)
    xPortSysTickHandler                      0x08004fc5   Thumb Code    46  port.o(i.xPortSysTickHandler)
    xQueueGenericCreate                      0x08004ff9   Thumb Code    92  queue.o(i.xQueueGenericCreate)
    xQueueGenericReset                       0x08005091   Thumb Code   194  queue.o(i.xQueueGenericReset)
    xQueueReceive                            0x08005195   Thumb Code   326  queue.o(i.xQueueReceive)
    xTaskCheckForTimeOut                     0x0800531d   Thumb Code   140  tasks.o(i.xTaskCheckForTimeOut)
    xTaskCreate                              0x080053f1   Thumb Code    96  tasks.o(i.xTaskCreate)
    xTaskGetSchedulerState                   0x08005451   Thumb Code    24  tasks.o(i.xTaskGetSchedulerState)
    xTaskGetTickCount                        0x08005471   Thumb Code     6  tasks.o(i.xTaskGetTickCount)
    xTaskIncrementTick                       0x0800547d   Thumb Code   390  tasks.o(i.xTaskIncrementTick)
    xTaskPriorityDisinherit                  0x0800566d   Thumb Code   206  tasks.o(i.xTaskPriorityDisinherit)
    xTaskRemoveFromEventList                 0x08005785   Thumb Code   254  tasks.o(i.xTaskRemoveFromEventList)
    xTaskResumeAll                           0x080058d9   Thumb Code   328  tasks.o(i.xTaskResumeAll)
    xTimerCreateTimerTask                    0x08005a81   Thumb Code    56  timers.o(i.xTimerCreateTimerTask)
    _get_lc_numeric                          0x08005b09   Thumb Code    44  lc_numeric_c.o(locale$$code)
    __fpl_dretinf                            0x08005b35   Thumb Code    12  dretinf.o(x$fpl$dretinf)
    __aeabi_f2d                              0x08005b41   Thumb Code     0  f2d.o(x$fpl$f2d)
    _f2d                                     0x08005b41   Thumb Code    86  f2d.o(x$fpl$f2d)
    __aeabi_fadd                             0x08005b99   Thumb Code     0  faddsub_clz.o(x$fpl$fadd)
    _fadd                                    0x08005b99   Thumb Code   196  faddsub_clz.o(x$fpl$fadd)
    __aeabi_fdiv                             0x08005c5d   Thumb Code     0  fdiv.o(x$fpl$fdiv)
    _fdiv                                    0x08005c5d   Thumb Code   384  fdiv.o(x$fpl$fdiv)
    __aeabi_ui2f                             0x08005de1   Thumb Code     0  fflt_clz.o(x$fpl$ffltu)
    _ffltu                                   0x08005de1   Thumb Code    38  fflt_clz.o(x$fpl$ffltu)
    __aeabi_fmul                             0x08005e09   Thumb Code     0  fmul.o(x$fpl$fmul)
    _fmul                                    0x08005e09   Thumb Code   258  fmul.o(x$fpl$fmul)
    __fpl_fnaninf                            0x08005f0b   Thumb Code   140  fnaninf.o(x$fpl$fnaninf)
    __fpl_fretinf                            0x08005f97   Thumb Code    10  fretinf.o(x$fpl$fretinf)
    __aeabi_fsub                             0x08005fa1   Thumb Code     0  faddsub_clz.o(x$fpl$fsub)
    _fsub                                    0x08005fa1   Thumb Code   234  faddsub_clz.o(x$fpl$fsub)
    _printf_fp_dec                           0x0800608b   Thumb Code     4  printf1.o(x$fpl$printf1)
    AHBPrescTable                            0x0800608e   Data          16  system_stm32f1xx.o(.constdata)
    __I$use$fp                               0x0800608e   Number         0  usenofp.o(x$fpl$usenofp)
    APBPrescTable                            0x0800609e   Data           8  system_stm32f1xx.o(.constdata)
    Region$$Table$$Base                      0x08006174   Number         0  anon$$obj.o(Region$$Table)
    Region$$Table$$Limit                     0x08006194   Number         0  anon$$obj.o(Region$$Table)
    StartTask_Handler                        0x20000000   Data           4  main.o(.data)
    DataCollectTask_Handler                  0x20000004   Data           4  main.o(.data)
    CommunicationTask_Handler                0x20000008   Data           4  main.o(.data)
    cmd                                      0x2000000c   Data          20  main.o(.data)
    cmd_flag                                 0x20000020   Data           1  main.o(.data)
    SystemCoreClock                          0x20000024   Data           4  system_stm32f1xx.o(.data)
    __stdout                                 0x20000030   Data           4  usart.o(.data)
    g_usart_rx_sta                           0x20000034   Data           2  usart.o(.data)
    g_rx_buffer                              0x20000036   Data           1  usart.o(.data)
    g_usart3_rx_index                        0x20000038   Data           2  usart.o(.data)
    g_uart3_rx_byte                          0x2000003a   Data           1  usart.o(.data)
    uwTick                                   0x2000003c   Data           4  stm32f1xx_hal.o(.data)
    uwTickPrio                               0x20000040   Data           4  stm32f1xx_hal.o(.data)
    uwTickFreq                               0x20000044   Data           1  stm32f1xx_hal.o(.data)
    g_clkInfo                                0x20000048   Data           8  sht.o(.data)
    g_sdaInfo                                0x20000050   Data           8  sht.o(.data)
    pxCurrentTCB                             0x20000058   Data           4  tasks.o(.data)
    uxTopUsedPriority                        0x20000090   Data           4  tasks.o(.data)
    g_usart_rx_buf                           0x200000d8   Data         200  usart.o(.bss)
    g_usart3_rx_buf                          0x200001a0   Data         200  usart.o(.bss)
    g_uart1_handle                           0x20000268   Data          64  usart.o(.bss)
    g_uart3_handle                           0x200002a8   Data          64  usart.o(.bss)
    xQueueRegistry                           0x200002e8   Data          64  queue.o(.bss)
    __libspace_start                         0x20002e34   Data          96  libspace.o(.bss)
    __temporary_stack_top$libspace           0x20002e94   Data           0  libspace.o(.bss)



==============================================================================

Memory Map of the image

  Image Entry point : 0x08000131

  Load Region LR_IROM1 (Base: 0x08000000, Size: 0x00006288, Max: 0x00080000, ABSOLUTE)

    Execution Region ER_IROM1 (Exec base: 0x08000000, Load base: 0x08000000, Size: 0x000061b0, Max: 0x00080000, ABSOLUTE)

    Exec Addr    Load Addr    Size         Type   Attr      Idx    E Section Name        Object

    0x08000000   0x08000000   0x00000130   Data   RO            3    RESET               startup_stm32f103xe.o
    0x08000130   0x08000130   0x00000008   Code   RO         3711  * !!!main             c_w.l(__main.o)
    0x08000138   0x08000138   0x00000034   Code   RO         3958    !!!scatter          c_w.l(__scatter.o)
    0x0800016c   0x0800016c   0x0000001a   Code   RO         3960    !!handler_copy      c_w.l(__scatter_copy.o)
    0x08000186   0x08000186   0x00000002   PAD
    0x08000188   0x08000188   0x0000001c   Code   RO         3962    !!handler_zi        c_w.l(__scatter_zi.o)
    0x080001a4   0x080001a4   0x00000000   Code   RO         3694    .ARM.Collect$$_printf_percent$$00000000  c_w.l(_printf_percent.o)
    0x080001a4   0x080001a4   0x00000006   Code   RO         3693    .ARM.Collect$$_printf_percent$$00000003  c_w.l(_printf_f.o)
    0x080001aa   0x080001aa   0x00000006   Code   RO         3691    .ARM.Collect$$_printf_percent$$00000009  c_w.l(_printf_d.o)
    0x080001b0   0x080001b0   0x00000006   Code   RO         3690    .ARM.Collect$$_printf_percent$$0000000C  c_w.l(_printf_x.o)
    0x080001b6   0x080001b6   0x00000006   Code   RO         3689    .ARM.Collect$$_printf_percent$$00000014  c_w.l(_printf_s.o)
    0x080001bc   0x080001bc   0x00000004   Code   RO         3752    .ARM.Collect$$_printf_percent$$00000017  c_w.l(_printf_percent_end.o)
    0x080001c0   0x080001c0   0x00000002   Code   RO         3838    .ARM.Collect$$libinit$$00000000  c_w.l(libinit.o)
    0x080001c2   0x080001c2   0x00000000   Code   RO         3840    .ARM.Collect$$libinit$$00000002  c_w.l(libinit2.o)
    0x080001c2   0x080001c2   0x00000000   Code   RO         3842    .ARM.Collect$$libinit$$00000004  c_w.l(libinit2.o)
    0x080001c2   0x080001c2   0x00000000   Code   RO         3845    .ARM.Collect$$libinit$$0000000A  c_w.l(libinit2.o)
    0x080001c2   0x080001c2   0x00000000   Code   RO         3847    .ARM.Collect$$libinit$$0000000C  c_w.l(libinit2.o)
    0x080001c2   0x080001c2   0x00000000   Code   RO         3849    .ARM.Collect$$libinit$$0000000E  c_w.l(libinit2.o)
    0x080001c2   0x080001c2   0x00000006   Code   RO         3850    .ARM.Collect$$libinit$$0000000F  c_w.l(libinit2.o)
    0x080001c8   0x080001c8   0x00000000   Code   RO         3852    .ARM.Collect$$libinit$$00000011  c_w.l(libinit2.o)
    0x080001c8   0x080001c8   0x00000000   Code   RO         3854    .ARM.Collect$$libinit$$00000013  c_w.l(libinit2.o)
    0x080001c8   0x080001c8   0x00000000   Code   RO         3856    .ARM.Collect$$libinit$$00000015  c_w.l(libinit2.o)
    0x080001c8   0x080001c8   0x0000000a   Code   RO         3857    .ARM.Collect$$libinit$$00000016  c_w.l(libinit2.o)
    0x080001d2   0x080001d2   0x00000000   Code   RO         3858    .ARM.Collect$$libinit$$00000017  c_w.l(libinit2.o)
    0x080001d2   0x080001d2   0x00000000   Code   RO         3860    .ARM.Collect$$libinit$$00000019  c_w.l(libinit2.o)
    0x080001d2   0x080001d2   0x00000000   Code   RO         3862    .ARM.Collect$$libinit$$0000001B  c_w.l(libinit2.o)
    0x080001d2   0x080001d2   0x00000000   Code   RO         3864    .ARM.Collect$$libinit$$0000001D  c_w.l(libinit2.o)
    0x080001d2   0x080001d2   0x00000000   Code   RO         3866    .ARM.Collect$$libinit$$0000001F  c_w.l(libinit2.o)
    0x080001d2   0x080001d2   0x00000000   Code   RO         3868    .ARM.Collect$$libinit$$00000021  c_w.l(libinit2.o)
    0x080001d2   0x080001d2   0x00000000   Code   RO         3870    .ARM.Collect$$libinit$$00000023  c_w.l(libinit2.o)
    0x080001d2   0x080001d2   0x00000000   Code   RO         3872    .ARM.Collect$$libinit$$00000025  c_w.l(libinit2.o)
    0x080001d2   0x080001d2   0x00000000   Code   RO         3876    .ARM.Collect$$libinit$$0000002C  c_w.l(libinit2.o)
    0x080001d2   0x080001d2   0x00000000   Code   RO         3878    .ARM.Collect$$libinit$$0000002E  c_w.l(libinit2.o)
    0x080001d2   0x080001d2   0x00000000   Code   RO         3880    .ARM.Collect$$libinit$$00000030  c_w.l(libinit2.o)
    0x080001d2   0x080001d2   0x00000000   Code   RO         3882    .ARM.Collect$$libinit$$00000032  c_w.l(libinit2.o)
    0x080001d2   0x080001d2   0x00000002   Code   RO         3883    .ARM.Collect$$libinit$$00000033  c_w.l(libinit2.o)
    0x080001d4   0x080001d4   0x00000002   Code   RO         3909    .ARM.Collect$$libshutdown$$00000000  c_w.l(libshutdown.o)
    0x080001d6   0x080001d6   0x00000000   Code   RO         3917    .ARM.Collect$$libshutdown$$00000002  c_w.l(libshutdown2.o)
    0x080001d6   0x080001d6   0x00000000   Code   RO         3919    .ARM.Collect$$libshutdown$$00000004  c_w.l(libshutdown2.o)
    0x080001d6   0x080001d6   0x00000000   Code   RO         3921    .ARM.Collect$$libshutdown$$00000006  c_w.l(libshutdown2.o)
    0x080001d6   0x080001d6   0x00000000   Code   RO         3924    .ARM.Collect$$libshutdown$$00000009  c_w.l(libshutdown2.o)
    0x080001d6   0x080001d6   0x00000000   Code   RO         3927    .ARM.Collect$$libshutdown$$0000000C  c_w.l(libshutdown2.o)
    0x080001d6   0x080001d6   0x00000000   Code   RO         3929    .ARM.Collect$$libshutdown$$0000000E  c_w.l(libshutdown2.o)
    0x080001d6   0x080001d6   0x00000000   Code   RO         3932    .ARM.Collect$$libshutdown$$00000011  c_w.l(libshutdown2.o)
    0x080001d6   0x080001d6   0x00000002   Code   RO         3933    .ARM.Collect$$libshutdown$$00000012  c_w.l(libshutdown2.o)
    0x080001d8   0x080001d8   0x00000000   Code   RO         3737    .ARM.Collect$$rtentry$$00000000  c_w.l(__rtentry.o)
    0x080001d8   0x080001d8   0x00000000   Code   RO         3763    .ARM.Collect$$rtentry$$00000002  c_w.l(__rtentry2.o)
    0x080001d8   0x080001d8   0x00000006   Code   RO         3775    .ARM.Collect$$rtentry$$00000004  c_w.l(__rtentry4.o)
    0x080001de   0x080001de   0x00000000   Code   RO         3765    .ARM.Collect$$rtentry$$00000009  c_w.l(__rtentry2.o)
    0x080001de   0x080001de   0x00000004   Code   RO         3766    .ARM.Collect$$rtentry$$0000000A  c_w.l(__rtentry2.o)
    0x080001e2   0x080001e2   0x00000000   Code   RO         3768    .ARM.Collect$$rtentry$$0000000C  c_w.l(__rtentry2.o)
    0x080001e2   0x080001e2   0x00000008   Code   RO         3769    .ARM.Collect$$rtentry$$0000000D  c_w.l(__rtentry2.o)
    0x080001ea   0x080001ea   0x00000002   Code   RO         3884    .ARM.Collect$$rtexit$$00000000  c_w.l(rtexit.o)
    0x080001ec   0x080001ec   0x00000000   Code   RO         3891    .ARM.Collect$$rtexit$$00000002  c_w.l(rtexit2.o)
    0x080001ec   0x080001ec   0x00000004   Code   RO         3892    .ARM.Collect$$rtexit$$00000003  c_w.l(rtexit2.o)
    0x080001f0   0x080001f0   0x00000006   Code   RO         3893    .ARM.Collect$$rtexit$$00000004  c_w.l(rtexit2.o)
    0x080001f6   0x080001f6   0x00000002   PAD
    0x080001f8   0x080001f8   0x00000096   Code   RO         3380    .emb_text           port.o
    0x0800028e   0x0800028e   0x00000002   PAD
    0x08000290   0x08000290   0x00000040   Code   RO            4    .text               startup_stm32f103xe.o
    0x080002d0   0x080002d0   0x00000002   Code   RO         3625    .text               c_w.l(use_no_semi_2.o)
    0x080002d2   0x080002d2   0x00000002   PAD
    0x080002d4   0x080002d4   0x00000018   Code   RO         3633    .text               c_w.l(noretval__2printf.o)
    0x080002ec   0x080002ec   0x0000004e   Code   RO         3641    .text               c_w.l(_printf_pad.o)
    0x0800033a   0x0800033a   0x00000052   Code   RO         3643    .text               c_w.l(_printf_str.o)
    0x0800038c   0x0800038c   0x00000078   Code   RO         3645    .text               c_w.l(_printf_dec.o)
    0x08000404   0x08000404   0x00000058   Code   RO         3650    .text               c_w.l(_printf_hex_int.o)
    0x0800045c   0x0800045c   0x00000138   Code   RO         3680    .text               c_w.l(__printf_flags_wp.o)
    0x08000594   0x08000594   0x0000003e   Code   RO         3697    .text               c_w.l(strlen.o)
    0x080005d2   0x080005d2   0x0000008a   Code   RO         3699    .text               c_w.l(rt_memcpy_v6.o)
    0x0800065c   0x0800065c   0x00000064   Code   RO         3701    .text               c_w.l(rt_memcpy_w.o)
    0x080006c0   0x080006c0   0x00000010   Code   RO         3705    .text               c_w.l(aeabi_memset.o)
    0x080006d0   0x080006d0   0x0000004e   Code   RO         3707    .text               c_w.l(rt_memclr_w.o)
    0x0800071e   0x0800071e   0x00000006   Code   RO         3709    .text               c_w.l(heapauxi.o)
    0x08000724   0x08000724   0x00000002   Code   RO         3735    .text               c_w.l(use_no_semi.o)
    0x08000726   0x08000726   0x000000b2   Code   RO         3738    .text               c_w.l(_printf_intcommon.o)
    0x080007d8   0x080007d8   0x0000041e   Code   RO         3740    .text               c_w.l(_printf_fp_dec.o)
    0x08000bf6   0x08000bf6   0x00000002   PAD
    0x08000bf8   0x08000bf8   0x00000030   Code   RO         3742    .text               c_w.l(_printf_char_common.o)
    0x08000c28   0x08000c28   0x0000002c   Code   RO         3748    .text               c_w.l(_printf_char.o)
    0x08000c54   0x08000c54   0x00000024   Code   RO         3750    .text               c_w.l(_printf_char_file.o)
    0x08000c78   0x08000c78   0x00000044   Code   RO         3753    .text               c_w.l(rt_memclr.o)
    0x08000cbc   0x08000cbc   0x00000008   Code   RO         3780    .text               c_w.l(rt_locale_intlibspace.o)
    0x08000cc4   0x08000cc4   0x0000008a   Code   RO         3782    .text               c_w.l(lludiv10.o)
    0x08000d4e   0x08000d4e   0x00000002   PAD
    0x08000d50   0x08000d50   0x00000080   Code   RO         3784    .text               c_w.l(_printf_fp_infnan.o)
    0x08000dd0   0x08000dd0   0x000000e4   Code   RO         3788    .text               c_w.l(bigflt0.o)
    0x08000eb4   0x08000eb4   0x00000008   Code   RO         3813    .text               c_w.l(ferror.o)
    0x08000ebc   0x08000ebc   0x00000008   Code   RO         3824    .text               c_w.l(libspace.o)
    0x08000ec4   0x08000ec4   0x0000004a   Code   RO         3827    .text               c_w.l(sys_stackheap_outer.o)
    0x08000f0e   0x08000f0e   0x00000012   Code   RO         3829    .text               c_w.l(exit.o)
    0x08000f20   0x08000f20   0x00000080   Code   RO         3831    .text               c_w.l(strcmpv7m.o)
    0x08000fa0   0x08000fa0   0x0000003e   Code   RO         3791    CL$$btod_d2e        c_w.l(btod.o)
    0x08000fde   0x08000fde   0x00000046   Code   RO         3793    CL$$btod_d2e_denorm_low  c_w.l(btod.o)
    0x08001024   0x08001024   0x00000060   Code   RO         3792    CL$$btod_d2e_norm_op1  c_w.l(btod.o)
    0x08001084   0x08001084   0x00000338   Code   RO         3801    CL$$btod_div_common  c_w.l(btod.o)
    0x080013bc   0x080013bc   0x000000dc   Code   RO         3798    CL$$btod_e2e        c_w.l(btod.o)
    0x08001498   0x08001498   0x0000002a   Code   RO         3795    CL$$btod_ediv       c_w.l(btod.o)
    0x080014c2   0x080014c2   0x0000002a   Code   RO         3794    CL$$btod_emul       c_w.l(btod.o)
    0x080014ec   0x080014ec   0x00000244   Code   RO         3800    CL$$btod_mult_common  c_w.l(btod.o)
    0x08001730   0x08001730   0x00000004   Code   RO          339    i.BusFault_Handler  stm32f1xx_it.o
    0x08001734   0x08001734   0x00000050   Code   RO         2080    i.CalculateChecksum  sht.o
    0x08001784   0x08001784   0x00000024   Code   RO         2081    i.CalculateHumidity  sht.o
    0x080017a8   0x080017a8   0x00000034   Code   RO         2082    i.CalculateTemperature  sht.o
    0x080017dc   0x080017dc   0x0000004e   Code   RO         3536    i.CheckAckSignal    iic.o
    0x0800182a   0x0800182a   0x00000010   Code   RO           13    i.CommunicationTask  main.o
    0x0800183a   0x0800183a   0x00000002   PAD
    0x0800183c   0x0800183c   0x000000a0   Code   RO           14    i.DataCollectTask   main.o
    0x080018dc   0x080018dc   0x00000002   Code   RO          340    i.DebugMon_Handler  stm32f1xx_it.o
    0x080018de   0x080018de   0x00000002   PAD
    0x080018e0   0x080018e0   0x00000028   Code   RO         1999    i.EnterATMode       lora.o
    0x08001908   0x08001908   0x00000024   Code   RO         2000    i.ExitATMode        lora.o
    0x0800192c   0x0800192c   0x0000000c   Code   RO          647    i.GetLoraPresentFlag  usart.o
    0x08001938   0x08001938   0x0000000e   Code   RO         3538    i.GetSdaPin         iic.o
    0x08001946   0x08001946   0x00000002   PAD
    0x08001948   0x08001948   0x00000114   Code   RO         2083    i.GetTempHumidProcess  sht.o
    0x08001a5c   0x08001a5c   0x000001a8   Code   RO         1040    i.HAL_DMA_Abort_IT  stm32f1xx_hal_dma.o
    0x08001c04   0x08001c04   0x00000340   Code   RO         1136    i.HAL_GPIO_Init     stm32f1xx_hal_gpio.o
    0x08001f44   0x08001f44   0x00000010   Code   RO         1138    i.HAL_GPIO_ReadPin  stm32f1xx_hal_gpio.o
    0x08001f54   0x08001f54   0x00000014   Code   RO         1139    i.HAL_GPIO_TogglePin  stm32f1xx_hal_gpio.o
    0x08001f68   0x08001f68   0x0000000c   Code   RO         1140    i.HAL_GPIO_WritePin  stm32f1xx_hal_gpio.o
    0x08001f74   0x08001f74   0x0000000c   Code   RO          753    i.HAL_GetTick       stm32f1xx_hal.o
    0x08001f80   0x08001f80   0x00000018   Code   RO          759    i.HAL_IncTick       stm32f1xx_hal.o
    0x08001f98   0x08001f98   0x00000028   Code   RO          760    i.HAL_Init          stm32f1xx_hal.o
    0x08001fc0   0x08001fc0   0x0000004c   Code   RO          761    i.HAL_InitTick      stm32f1xx_hal.o
    0x0800200c   0x0800200c   0x00000002   Code   RO          763    i.HAL_MspInit       stm32f1xx_hal.o
    0x0800200e   0x0800200e   0x00000020   Code   RO          918    i.HAL_NVIC_EnableIRQ  stm32f1xx_hal_cortex.o
    0x0800202e   0x0800202e   0x0000007c   Code   RO          924    i.HAL_NVIC_SetPriority  stm32f1xx_hal_cortex.o
    0x080020aa   0x080020aa   0x00000002   PAD
    0x080020ac   0x080020ac   0x00000028   Code   RO          925    i.HAL_NVIC_SetPriorityGrouping  stm32f1xx_hal_cortex.o
    0x080020d4   0x080020d4   0x0000018c   Code   RO         1236    i.HAL_RCC_ClockConfig  stm32f1xx_hal_rcc.o
    0x08002260   0x08002260   0x0000000c   Code   RO         1241    i.HAL_RCC_GetHCLKFreq  stm32f1xx_hal_rcc.o
    0x0800226c   0x0800226c   0x00000020   Code   RO         1243    i.HAL_RCC_GetPCLK1Freq  stm32f1xx_hal_rcc.o
    0x0800228c   0x0800228c   0x00000020   Code   RO         1244    i.HAL_RCC_GetPCLK2Freq  stm32f1xx_hal_rcc.o
    0x080022ac   0x080022ac   0x00000094   Code   RO         1245    i.HAL_RCC_GetSysClockFreq  stm32f1xx_hal_rcc.o
    0x08002340   0x08002340   0x00000464   Code   RO         1248    i.HAL_RCC_OscConfig  stm32f1xx_hal_rcc.o
    0x080027a4   0x080027a4   0x00000028   Code   RO          927    i.HAL_SYSTICK_CLKSourceConfig  stm32f1xx_hal_cortex.o
    0x080027cc   0x080027cc   0x00000034   Code   RO          929    i.HAL_SYSTICK_Config  stm32f1xx_hal_cortex.o
    0x08002800   0x08002800   0x00000002   Code   RO         1399    i.HAL_UART_ErrorCallback  stm32f1xx_hal_uart.o
    0x08002802   0x08002802   0x00000002   PAD
    0x08002804   0x08002804   0x00000154   Code   RO         1402    i.HAL_UART_IRQHandler  stm32f1xx_hal_uart.o
    0x08002958   0x08002958   0x00000072   Code   RO         1403    i.HAL_UART_Init     stm32f1xx_hal_uart.o
    0x080029ca   0x080029ca   0x00000002   PAD
    0x080029cc   0x080029cc   0x0000016c   Code   RO          648    i.HAL_UART_MspInit  usart.o
    0x08002b38   0x08002b38   0x00000070   Code   RO         1408    i.HAL_UART_Receive_IT  stm32f1xx_hal_uart.o
    0x08002ba8   0x08002ba8   0x00000124   Code   RO          649    i.HAL_UART_RxCpltCallback  usart.o
    0x08002ccc   0x08002ccc   0x000000d2   Code   RO         1411    i.HAL_UART_Transmit  stm32f1xx_hal_uart.o
    0x08002d9e   0x08002d9e   0x00000002   PAD
    0x08002da0   0x08002da0   0x0000003c   Code   RO          650    i.HAL_UART_TxCpltCallback  usart.o
    0x08002ddc   0x08002ddc   0x00000004   Code   RO          341    i.HardFault_Handler  stm32f1xx_it.o
    0x08002de0   0x08002de0   0x0000000c   Code   RO         3539    i.IicDelayUs        iic.o
    0x08002dec   0x08002dec   0x0000004a   Code   RO         3540    i.IicSendAck        iic.o
    0x08002e36   0x08002e36   0x00000046   Code   RO         3541    i.IicStart          iic.o
    0x08002e7c   0x08002e7c   0x0000003a   Code   RO         3542    i.IicStop           iic.o
    0x08002eb6   0x08002eb6   0x00000002   PAD
    0x08002eb8   0x08002eb8   0x0000007c   Code   RO         2001    i.LoraRemoteCommunicationTest  lora.o
    0x08002f34   0x08002f34   0x00000016   Code   RO         2002    i.LoraUnitTest      lora.o
    0x08002f4a   0x08002f4a   0x00000004   Code   RO          342    i.MemManage_Handler  stm32f1xx_it.o
    0x08002f4e   0x08002f4e   0x00000002   Code   RO          343    i.NMI_Handler       stm32f1xx_it.o
    0x08002f50   0x08002f50   0x00000028   Code   RO         1249    i.RCC_Delay         stm32f1xx_hal_rcc.o
    0x08002f78   0x08002f78   0x0000007c   Code   RO         2084    i.ReadTempHumid     sht.o
    0x08002ff4   0x08002ff4   0x00000066   Code   RO         3543    i.ReceiveByte       iic.o
    0x0800305a   0x0800305a   0x00000070   Code   RO         3544    i.SendByte          iic.o
    0x080030ca   0x080030ca   0x0000005e   Code   RO         2085    i.SendTransmitCommand  sht.o
    0x08003128   0x08003128   0x00000012   Code   RO         3545    i.SetSclPin         iic.o
    0x0800313a   0x0800313a   0x00000012   Code   RO         3546    i.SetSdaPin         iic.o
    0x0800314c   0x0800314c   0x00000090   Code   RO         2086    i.ShtInit           sht.o
    0x080031dc   0x080031dc   0x00000074   Code   RO           15    i.StartTask         main.o
    0x08003250   0x08003250   0x00000014   Code   RO          525    i.SysTick_Handler   delay.o
    0x08003264   0x08003264   0x00000002   Code   RO          303    i.SystemInit        system_stm32f1xx.o
    0x08003266   0x08003266   0x00000014   Code   RO         1416    i.UART_DMAAbortOnError  stm32f1xx_hal_uart.o
    0x0800327a   0x0800327a   0x00000020   Code   RO         1426    i.UART_EndRxTransfer  stm32f1xx_hal_uart.o
    0x0800329a   0x0800329a   0x00000020   Code   RO         1427    i.UART_EndTransmit_IT  stm32f1xx_hal_uart.o
    0x080032ba   0x080032ba   0x000000a0   Code   RO         1429    i.UART_Receive_IT   stm32f1xx_hal_uart.o
    0x0800335a   0x0800335a   0x00000002   PAD
    0x0800335c   0x0800335c   0x000000fc   Code   RO         1430    i.UART_SetConfig    stm32f1xx_hal_uart.o
    0x08003458   0x08003458   0x00000060   Code   RO         1431    i.UART_Transmit_IT  stm32f1xx_hal_uart.o
    0x080034b8   0x080034b8   0x0000006c   Code   RO         1432    i.UART_WaitOnFlagUntilTimeout  stm32f1xx_hal_uart.o
    0x08003524   0x08003524   0x00000010   Code   RO          651    i.USART1_IRQHandler  usart.o
    0x08003534   0x08003534   0x00000010   Code   RO          652    i.USART3_IRQHandler  usart.o
    0x08003544   0x08003544   0x00000004   Code   RO          344    i.UsageFault_Handler  stm32f1xx_it.o
    0x08003548   0x08003548   0x00000028   Code   RO         3822    i.__ARM_fpclassify  m_ws.l(fpclassify.o)
    0x08003570   0x08003570   0x00000010   Code   RO          931    i.__NVIC_GetPriorityGrouping  stm32f1xx_hal_cortex.o
    0x08003580   0x08003580   0x00000028   Code   RO          932    i.__NVIC_SetPriority  stm32f1xx_hal_cortex.o
    0x080035a8   0x080035a8   0x0000000e   Code   RO         3678    i._is_digit         c_w.l(__printf_wp.o)
    0x080035b6   0x080035b6   0x00000004   Code   RO          654    i._sys_exit         usart.o
    0x080035ba   0x080035ba   0x00000002   PAD
    0x080035bc   0x080035bc   0x0000004c   Code   RO          526    i.delay_init        delay.o
    0x08003608   0x08003608   0x00000012   Code   RO          527    i.delay_ms          delay.o
    0x0800361a   0x0800361a   0x00000002   PAD
    0x0800361c   0x0800361c   0x00000048   Code   RO          528    i.delay_us          delay.o
    0x08003664   0x08003664   0x0000001c   Code   RO          656    i.fputc             usart.o
    0x08003680   0x08003680   0x00000030   Code   RO           16    i.freertos_entry    main.o
    0x080036b0   0x080036b0   0x00000090   Code   RO         1975    i.led_init          led.o
    0x08003740   0x08003740   0x0000008c   Code   RO         2004    i.lora_check_module_present  lora.o
    0x080037cc   0x080037cc   0x00000078   Code   RO         2005    i.lora_init         lora.o
    0x08003844   0x08003844   0x00000030   Code   RO           17    i.main              main.o
    0x08003874   0x08003874   0x000000cc   Code   RO         2778    i.prvAddCurrentTaskToDelayedList  tasks.o
    0x08003940   0x08003940   0x000000ec   Code   RO         2779    i.prvAddNewTaskToReadyList  tasks.o
    0x08003a2c   0x08003a2c   0x00000064   Code   RO         3203    i.prvCheckForValidListAndQueue  timers.o
    0x08003a90   0x08003a90   0x00000048   Code   RO         2780    i.prvCheckTasksWaitingTermination  tasks.o
    0x08003ad8   0x08003ad8   0x0000002a   Code   RO         2354    i.prvCopyDataFromQueue  queue.o
    0x08003b02   0x08003b02   0x0000007e   Code   RO         2355    i.prvCopyDataToQueue  queue.o
    0x08003b80   0x08003b80   0x00000012   Code   RO         2781    i.prvDeleteTCB      tasks.o
    0x08003b92   0x08003b92   0x00000002   PAD
    0x08003b94   0x08003b94   0x00000028   Code   RO         3204    i.prvGetNextExpireTime  timers.o
    0x08003bbc   0x08003bbc   0x0000007c   Code   RO         3469    i.prvHeapInit       heap_4.o
    0x08003c38   0x08003c38   0x00000028   Code   RO         2782    i.prvIdleTask       tasks.o
    0x08003c60   0x08003c60   0x0000002e   Code   RO         2358    i.prvInitialiseNewQueue  queue.o
    0x08003c8e   0x08003c8e   0x00000002   PAD
    0x08003c90   0x08003c90   0x0000010c   Code   RO         2783    i.prvInitialiseNewTask  tasks.o
    0x08003d9c   0x08003d9c   0x00000068   Code   RO         2784    i.prvInitialiseTaskLists  tasks.o
    0x08003e04   0x08003e04   0x00000068   Code   RO         3470    i.prvInsertBlockIntoFreeList  heap_4.o
    0x08003e6c   0x08003e6c   0x00000058   Code   RO         3206    i.prvInsertTimerInActiveList  timers.o
    0x08003ec4   0x08003ec4   0x0000001a   Code   RO         2359    i.prvIsQueueEmpty   queue.o
    0x08003ede   0x08003ede   0x00000002   PAD
    0x08003ee0   0x08003ee0   0x000000cc   Code   RO         2361    i.prvNotifyQueueSetContainer  queue.o
    0x08003fac   0x08003fac   0x00000044   Code   RO         3207    i.prvProcessExpiredTimer  timers.o
    0x08003ff0   0x08003ff0   0x00000174   Code   RO         3208    i.prvProcessReceivedCommands  timers.o
    0x08004164   0x08004164   0x00000074   Code   RO         3209    i.prvProcessTimerOrBlockTask  timers.o
    0x080041d8   0x080041d8   0x00000028   Code   RO         3210    i.prvReloadTimer    timers.o
    0x08004200   0x08004200   0x00000030   Code   RO         2786    i.prvResetNextTaskUnblockTime  tasks.o
    0x08004230   0x08004230   0x0000002c   Code   RO         3211    i.prvSampleTimeNow  timers.o
    0x0800425c   0x0800425c   0x00000044   Code   RO         3212    i.prvSwitchTimerLists  timers.o
    0x080042a0   0x080042a0   0x00000084   Code   RO         3381    i.prvTaskExitError  port.o
    0x08004324   0x08004324   0x0000001a   Code   RO         3213    i.prvTimerTask      timers.o
    0x0800433e   0x0800433e   0x00000090   Code   RO         2362    i.prvUnlockQueue    queue.o
    0x080043ce   0x080043ce   0x00000002   PAD
    0x080043d0   0x080043d0   0x00000198   Code   RO         3471    i.pvPortMalloc      heap_4.o
    0x08004568   0x08004568   0x00000024   Code   RO         3382    i.pxPortInitialiseStack  port.o
    0x0800458c   0x0800458c   0x00000066   Code   RO          580    i.sys_stm32_clock_init  sys.o
    0x080045f2   0x080045f2   0x00000002   PAD
    0x080045f4   0x080045f4   0x00000068   Code   RO          657    i.usart_init        usart.o
    0x0800465c   0x0800465c   0x00000028   Code   RO         2302    i.uxListRemove      list.o
    0x08004684   0x08004684   0x0000001a   Code   RO         2303    i.vListInitialise   list.o
    0x0800469e   0x0800469e   0x00000006   Code   RO         2304    i.vListInitialiseItem  list.o
    0x080046a4   0x080046a4   0x00000034   Code   RO         2305    i.vListInsert       list.o
    0x080046d8   0x080046d8   0x00000018   Code   RO         2306    i.vListInsertEnd    list.o
    0x080046f0   0x080046f0   0x0000009c   Code   RO         3384    i.vPortEnterCritical  port.o
    0x0800478c   0x0800478c   0x00000084   Code   RO         3385    i.vPortExitCritical  port.o
    0x08004810   0x08004810   0x000000dc   Code   RO         3472    i.vPortFree         heap_4.o
    0x080048ec   0x080048ec   0x0000002c   Code   RO         3386    i.vPortSetupTimerInterrupt  port.o
    0x08004918   0x08004918   0x00000094   Code   RO         2368    i.vQueueAddToRegistry  queue.o
    0x080049ac   0x080049ac   0x0000004a   Code   RO         2372    i.vQueueWaitForMessageRestricted  queue.o
    0x080049f6   0x080049f6   0x00000002   PAD
    0x080049f8   0x080049f8   0x0000008c   Code   RO         2801    i.vTaskDelay        tasks.o
    0x08004a84   0x08004a84   0x0000012c   Code   RO         2802    i.vTaskDelete       tasks.o
    0x08004bb0   0x08004bb0   0x00000018   Code   RO         2806    i.vTaskInternalSetTimeOutState  tasks.o
    0x08004bc8   0x08004bc8   0x0000000c   Code   RO         2808    i.vTaskMissedYield  tasks.o
    0x08004bd4   0x08004bd4   0x0000006c   Code   RO         2809    i.vTaskPlaceOnEventList  tasks.o
    0x08004c40   0x08004c40   0x00000094   Code   RO         2810    i.vTaskPlaceOnEventListRestricted  tasks.o
    0x08004cd4   0x08004cd4   0x000000cc   Code   RO         2818    i.vTaskStartScheduler  tasks.o
    0x08004da0   0x08004da0   0x00000010   Code   RO         2820    i.vTaskSuspendAll   tasks.o
    0x08004db0   0x08004db0   0x000000c0   Code   RO         2821    i.vTaskSwitchContext  tasks.o
    0x08004e70   0x08004e70   0x00000154   Code   RO         3388    i.xPortStartScheduler  port.o
    0x08004fc4   0x08004fc4   0x00000034   Code   RO         3389    i.xPortSysTickHandler  port.o
    0x08004ff8   0x08004ff8   0x00000098   Code   RO         2377    i.xQueueGenericCreate  queue.o
    0x08005090   0x08005090   0x00000104   Code   RO         2378    i.xQueueGenericReset  queue.o
    0x08005194   0x08005194   0x00000188   Code   RO         2387    i.xQueueReceive     queue.o
    0x0800531c   0x0800531c   0x000000d4   Code   RO         2824    i.xTaskCheckForTimeOut  tasks.o
    0x080053f0   0x080053f0   0x00000060   Code   RO         2825    i.xTaskCreate       tasks.o
    0x08005450   0x08005450   0x00000020   Code   RO         2834    i.xTaskGetSchedulerState  tasks.o
    0x08005470   0x08005470   0x0000000c   Code   RO         2835    i.xTaskGetTickCount  tasks.o
    0x0800547c   0x0800547c   0x000001f0   Code   RO         2837    i.xTaskIncrementTick  tasks.o
    0x0800566c   0x0800566c   0x00000118   Code   RO         2838    i.xTaskPriorityDisinherit  tasks.o
    0x08005784   0x08005784   0x00000154   Code   RO         2840    i.xTaskRemoveFromEventList  tasks.o
    0x080058d8   0x080058d8   0x000001a8   Code   RO         2841    i.xTaskResumeAll    tasks.o
    0x08005a80   0x08005a80   0x00000088   Code   RO         3221    i.xTimerCreateTimerTask  timers.o
    0x08005b08   0x08005b08   0x0000002c   Code   RO         3818    locale$$code        c_w.l(lc_numeric_c.o)
    0x08005b34   0x08005b34   0x0000000c   Code   RO         3755    x$fpl$dretinf       fz_ws.l(dretinf.o)
    0x08005b40   0x08005b40   0x00000056   Code   RO         3713    x$fpl$f2d           fz_ws.l(f2d.o)
    0x08005b96   0x08005b96   0x00000002   PAD
    0x08005b98   0x08005b98   0x000000c4   Code   RO         3715    x$fpl$fadd          fz_ws.l(faddsub_clz.o)
    0x08005c5c   0x08005c5c   0x00000184   Code   RO         3722    x$fpl$fdiv          fz_ws.l(fdiv.o)
    0x08005de0   0x08005de0   0x00000026   Code   RO         3725    x$fpl$ffltu         fz_ws.l(fflt_clz.o)
    0x08005e06   0x08005e06   0x00000002   PAD
    0x08005e08   0x08005e08   0x00000102   Code   RO         3731    x$fpl$fmul          fz_ws.l(fmul.o)
    0x08005f0a   0x08005f0a   0x0000008c   Code   RO         3757    x$fpl$fnaninf       fz_ws.l(fnaninf.o)
    0x08005f96   0x08005f96   0x0000000a   Code   RO         3759    x$fpl$fretinf       fz_ws.l(fretinf.o)
    0x08005fa0   0x08005fa0   0x000000ea   Code   RO         3717    x$fpl$fsub          fz_ws.l(faddsub_clz.o)
    0x0800608a   0x0800608a   0x00000004   Code   RO         3733    x$fpl$printf1       fz_ws.l(printf1.o)
    0x0800608e   0x0800608e   0x00000000   Code   RO         3761    x$fpl$usenofp       fz_ws.l(usenofp.o)
    0x0800608e   0x0800608e   0x00000018   Data   RO          304    .constdata          system_stm32f1xx.o
    0x080060a6   0x080060a6   0x00000028   Data   RO         3651    .constdata          c_w.l(_printf_hex_int.o)
    0x080060ce   0x080060ce   0x00000011   Data   RO         3681    .constdata          c_w.l(__printf_flags_wp.o)
    0x080060df   0x080060df   0x00000001   PAD
    0x080060e0   0x080060e0   0x00000094   Data   RO         3789    .constdata          c_w.l(bigflt0.o)
    0x08006174   0x08006174   0x00000020   Data   RO         3956    Region$$Table       anon$$obj.o
    0x08006194   0x08006194   0x0000001c   Data   RO         3817    locale$$data        c_w.l(lc_numeric_c.o)


    Execution Region RW_IRAM1 (Exec base: 0x20000000, Load base: 0x080061b0, Size: 0x00003498, Max: 0x00010000, ABSOLUTE)

    Exec Addr    Load Addr    Size         Type   Attr      Idx    E Section Name        Object

    0x20000000   0x080061b0   0x00000021   Data   RW           18    .data               main.o
    0x20000021   0x080061d1   0x00000003   PAD
    0x20000024   0x080061d4   0x00000004   Data   RW          305    .data               system_stm32f1xx.o
    0x20000028   0x080061d8   0x00000004   Data   RW          529    .data               delay.o
    0x2000002c   0x080061dc   0x0000000f   Data   RW          659    .data               usart.o
    0x2000003b   0x080061eb   0x00000001   PAD
    0x2000003c   0x080061ec   0x00000009   Data   RW          767    .data               stm32f1xx_hal.o
    0x20000045   0x080061f5   0x00000003   PAD
    0x20000048   0x080061f8   0x00000010   Data   RW         2087    .data               sht.o
    0x20000058   0x08006208   0x00000040   Data   RW         2844    .data               tasks.o
    0x20000098   0x08006248   0x00000014   Data   RW         3230    .data               timers.o
    0x200000ac   0x0800625c   0x0000000c   Data   RW         3390    .data               port.o
    0x200000b8   0x08006268   0x00000020   Data   RW         3478    .data               heap_4.o
    0x200000d8        -       0x00000210   Zero   RW          658    .bss                usart.o
    0x200002e8        -       0x00000040   Zero   RW         2394    .bss                queue.o
    0x20000328        -       0x000002e4   Zero   RW         2843    .bss                tasks.o
    0x2000060c        -       0x00000028   Zero   RW         3229    .bss                timers.o
    0x20000634        -       0x00002800   Zero   RW         3477    .bss                heap_4.o
    0x20002e34        -       0x00000060   Zero   RW         3825    .bss                c_w.l(libspace.o)
    0x20002e94   0x08006288   0x00000004   PAD
    0x20002e98        -       0x00000200   Zero   RW            2    HEAP                startup_stm32f103xe.o
    0x20003098        -       0x00000400   Zero   RW            1    STACK               startup_stm32f103xe.o


==============================================================================

Image component sizes


      Code (inc. data)   RO Data    RW Data    ZI Data      Debug   Object Name

       186          8          0          4          0       2337   delay.o
         0          0          0          0          0      14660   event_groups.o
       856        226          0         32      10240       4075   heap_4.o
       556          0          0          0          0       5337   iic.o
       144         12          0          0          0        875   led.o
       148          0          0          0          0       3258   list.o
       482        134          0          0          0       3638   lora.o
       388        120          0         33          0     470639   main.o
      1042        386          0         12          0       9708   port.o
      1614        318          0          0         64      12567   queue.o
       806         84          0         16          0       6049   sht.o
        64         26        304          0       1536        920   startup_stm32f103xe.o
       154         32          0          9          0       6267   stm32f1xx_hal.o
       344         22          0          0          0      29909   stm32f1xx_hal_cortex.o
       424         10          0          0          0       1207   stm32f1xx_hal_dma.o
       880         40          0          0          0       3892   stm32f1xx_hal_gpio.o
      1784        110          0          0          0       5920   stm32f1xx_hal_rcc.o
      1478         10          0          0          0       8893   stm32f1xx_hal_uart.o
        20          0          0          0          0       2493   stm32f1xx_it.o
       102          0          0          0          0        695   sys.o
         2          0         24          4          0       1295   system_stm32f1xx.o
      4026       1120          0         64        740      33162   tasks.o
      1098        230          0         20         40      13288   timers.o
       896        148          0         15        528       7269   usart.o

    ----------------------------------------------------------------------
     17530       3036        360        216      13148     648353   Object Totals
         0          0         32          0          0          0   (incl. Generated)
        36          0          0          7          0          0   (incl. Padding)

    ----------------------------------------------------------------------

      Code (inc. data)   RO Data    RW Data    ZI Data      Debug   Library Member Name

         8          0          0          0          0         68   __main.o
       312          4         17          0          0         92   __printf_flags_wp.o
        14          0          0          0          0         68   __printf_wp.o
         0          0          0          0          0          0   __rtentry.o
        12          0          0          0          0          0   __rtentry2.o
         6          0          0          0          0          0   __rtentry4.o
        52          8          0          0          0          0   __scatter.o
        26          0          0          0          0          0   __scatter_copy.o
        28          0          0          0          0          0   __scatter_zi.o
        44          0          0          0          0        108   _printf_char.o
        48          6          0          0          0         96   _printf_char_common.o
        36          4          0          0          0         80   _printf_char_file.o
         6          0          0          0          0          0   _printf_d.o
       120         16          0          0          0         92   _printf_dec.o
         6          0          0          0          0          0   _printf_f.o
      1054          0          0          0          0        216   _printf_fp_dec.o
       128         16          0          0          0         84   _printf_fp_infnan.o
        88          4         40          0          0         88   _printf_hex_int.o
       178          0          0          0          0         88   _printf_intcommon.o
        78          0          0          0          0        108   _printf_pad.o
         0          0          0          0          0          0   _printf_percent.o
         4          0          0          0          0          0   _printf_percent_end.o
         6          0          0          0          0          0   _printf_s.o
        82          0          0          0          0         80   _printf_str.o
         6          0          0          0          0          0   _printf_x.o
        16          0          0          0          0         68   aeabi_memset.o
       228          4        148          0          0         96   bigflt0.o
      1936        128          0          0          0        672   btod.o
        18          0          0          0          0         80   exit.o
         8          0          0          0          0         68   ferror.o
         6          0          0          0          0        152   heapauxi.o
        44         10         28          0          0         76   lc_numeric_c.o
         2          0          0          0          0          0   libinit.o
        18          0          0          0          0          0   libinit2.o
         2          0          0          0          0          0   libshutdown.o
         2          0          0          0          0          0   libshutdown2.o
         8          4          0          0         96         68   libspace.o
       138          0          0          0          0         80   lludiv10.o
        24          4          0          0          0         84   noretval__2printf.o
         8          4          0          0          0         68   rt_locale_intlibspace.o
        68          0          0          0          0         68   rt_memclr.o
        78          0          0          0          0         80   rt_memclr_w.o
       138          0          0          0          0         68   rt_memcpy_v6.o
       100          0          0          0          0         80   rt_memcpy_w.o
         2          0          0          0          0          0   rtexit.o
        10          0          0          0          0          0   rtexit2.o
       128          0          0          0          0         68   strcmpv7m.o
        62          0          0          0          0         76   strlen.o
        74          0          0          0          0         80   sys_stackheap_outer.o
         2          0          0          0          0         68   use_no_semi.o
         2          0          0          0          0         68   use_no_semi_2.o
        12          0          0          0          0         68   dretinf.o
        86          4          0          0          0         84   f2d.o
       430          8          0          0          0        168   faddsub_clz.o
       388         76          0          0          0         96   fdiv.o
        38          0          0          0          0         68   fflt_clz.o
       258          4          0          0          0         84   fmul.o
       140          4          0          0          0         84   fnaninf.o
        10          0          0          0          0         68   fretinf.o
         4          0          0          0          0         68   printf1.o
         0          0          0          0          0          0   usenofp.o
        40          0          0          0          0         68   fpclassify.o

    ----------------------------------------------------------------------
      6884        308        234          0        100       4292   Library Totals
        14          0          1          0          4          0   (incl. Padding)

    ----------------------------------------------------------------------

      Code (inc. data)   RO Data    RW Data    ZI Data      Debug   Library Name

      5464        212        233          0         96       3436   c_w.l
      1366         96          0          0          0        788   fz_ws.l
        40          0          0          0          0         68   m_ws.l

    ----------------------------------------------------------------------
      6884        308        234          0        100       4292   Library Totals

    ----------------------------------------------------------------------

==============================================================================


      Code (inc. data)   RO Data    RW Data    ZI Data      Debug   

     24414       3344        594        216      13248     642605   Grand Totals
     24414       3344        594        216      13248     642605   ELF Image Totals
     24414       3344        594        216          0          0   ROM Totals

==============================================================================

    Total RO  Size (Code + RO Data)                25008 (  24.42kB)
    Total RW  Size (RW Data + ZI Data)             13464 (  13.15kB)
    Total ROM Size (Code + RO Data + RW Data)      25224 (  24.63kB)

==============================================================================

